Archive member included to satisfy reference by file (symbol)

/Users/davidebucci/Desktop/Synchronized/Vintage/Computing/Atari/ST/brown/lib/gcc/m68k-atariextrabrowner-elf/10.2.0/../../../../m68k-atariextrabrowner-elf/lib/m68000/libc.a(checkcpu.o)
                              /Users/davidebucci/Desktop/Synchronized/Vintage/Computing/Atari/ST/brown//../bigbrownbuild-git/mintlib-bigbrownbuild-10.2.0/startup/crt0.o (__checkcpu)
/Users/davidebucci/Desktop/Synchronized/Vintage/Computing/Atari/ST/brown/lib/gcc/m68k-atariextrabrowner-elf/10.2.0/../../../../m68k-atariextrabrowner-elf/lib/m68000/libc.a(crtinit.o)
                              /Users/davidebucci/Desktop/Synchronized/Vintage/Computing/Atari/ST/brown//../bigbrownbuild-git/mintlib-bigbrownbuild-10.2.0/startup/crt0.o (__acc_main)
/Users/davidebucci/Desktop/Synchronized/Vintage/Computing/Atari/ST/brown/lib/gcc/m68k-atariextrabrowner-elf/10.2.0/../../../../m68k-atariextrabrowner-elf/lib/m68000/libc.a(getenv.o)
                              /Users/davidebucci/Desktop/Synchronized/Vintage/Computing/Atari/ST/brown/lib/gcc/m68k-atariextrabrowner-elf/10.2.0/../../../../m68k-atariextrabrowner-elf/lib/m68000/libc.a(crtinit.o) (_getenv)
/Users/davidebucci/Desktop/Synchronized/Vintage/Computing/Atari/ST/brown/lib/gcc/m68k-atariextrabrowner-elf/10.2.0/../../../../m68k-atariextrabrowner-elf/lib/m68000/libc.a(globals.o)
                              queens_no_UTF8.o (symbol from plugin) (_stdin)
/Users/davidebucci/Desktop/Synchronized/Vintage/Computing/Atari/ST/brown/lib/gcc/m68k-atariextrabrowner-elf/10.2.0/../../../../m68k-atariextrabrowner-elf/lib/m68000/libc.a(heapbase.o)
                              /Users/davidebucci/Desktop/Synchronized/Vintage/Computing/Atari/ST/brown//../bigbrownbuild-git/mintlib-bigbrownbuild-10.2.0/startup/crt0.o (__heapbase)
/Users/davidebucci/Desktop/Synchronized/Vintage/Computing/Atari/ST/brown/lib/gcc/m68k-atariextrabrowner-elf/10.2.0/../../../../m68k-atariextrabrowner-elf/lib/m68000/libc.a(ident.o)
                              /Users/davidebucci/Desktop/Synchronized/Vintage/Computing/Atari/ST/brown//../bigbrownbuild-git/mintlib-bigbrownbuild-10.2.0/startup/crt0.o (___Ident_gnulib)
/Users/davidebucci/Desktop/Synchronized/Vintage/Computing/Atari/ST/brown/lib/gcc/m68k-atariextrabrowner-elf/10.2.0/../../../../m68k-atariextrabrowner-elf/lib/m68000/libc.a(ident_dummy_gem.o)
                              /Users/davidebucci/Desktop/Synchronized/Vintage/Computing/Atari/ST/brown//../bigbrownbuild-git/mintlib-bigbrownbuild-10.2.0/startup/crt0.o (___Ident_gem)
/Users/davidebucci/Desktop/Synchronized/Vintage/Computing/Atari/ST/brown/lib/gcc/m68k-atariextrabrowner-elf/10.2.0/../../../../m68k-atariextrabrowner-elf/lib/m68000/libc.a(inistack.o)
                              /Users/davidebucci/Desktop/Synchronized/Vintage/Computing/Atari/ST/brown/lib/gcc/m68k-atariextrabrowner-elf/10.2.0/../../../../m68k-atariextrabrowner-elf/lib/m68000/libc.a(crtinit.o) (__initial_stack)
/Users/davidebucci/Desktop/Synchronized/Vintage/Computing/Atari/ST/brown/lib/gcc/m68k-atariextrabrowner-elf/10.2.0/../../../../m68k-atariextrabrowner-elf/lib/m68000/libc.a(main.o)
                              /Users/davidebucci/Desktop/Synchronized/Vintage/Computing/Atari/ST/brown/lib/gcc/m68k-atariextrabrowner-elf/10.2.0/../../../../m68k-atariextrabrowner-elf/lib/m68000/libc.a(crtinit.o) (__main)
/Users/davidebucci/Desktop/Synchronized/Vintage/Computing/Atari/ST/brown/lib/gcc/m68k-atariextrabrowner-elf/10.2.0/../../../../m68k-atariextrabrowner-elf/lib/m68000/libc.a(malloc.o)
                              /Users/davidebucci/Desktop/Synchronized/Vintage/Computing/Atari/ST/brown/lib/gcc/m68k-atariextrabrowner-elf/10.2.0/../../../../m68k-atariextrabrowner-elf/lib/m68000/libc.a(main.o) (_malloc)
/Users/davidebucci/Desktop/Synchronized/Vintage/Computing/Atari/ST/brown/lib/gcc/m68k-atariextrabrowner-elf/10.2.0/../../../../m68k-atariextrabrowner-elf/lib/m68000/libc.a(realloc.o)
                              /Users/davidebucci/Desktop/Synchronized/Vintage/Computing/Atari/ST/brown/lib/gcc/m68k-atariextrabrowner-elf/10.2.0/../../../../m68k-atariextrabrowner-elf/lib/m68000/libc.a(main.o) (_realloc)
/Users/davidebucci/Desktop/Synchronized/Vintage/Computing/Atari/ST/brown/lib/gcc/m68k-atariextrabrowner-elf/10.2.0/../../../../m68k-atariextrabrowner-elf/lib/m68000/libc.a(setstack.o)
                              /Users/davidebucci/Desktop/Synchronized/Vintage/Computing/Atari/ST/brown/lib/gcc/m68k-atariextrabrowner-elf/10.2.0/../../../../m68k-atariextrabrowner-elf/lib/m68000/libc.a(crtinit.o) (__setstack)
/Users/davidebucci/Desktop/Synchronized/Vintage/Computing/Atari/ST/brown/lib/gcc/m68k-atariextrabrowner-elf/10.2.0/../../../../m68k-atariextrabrowner-elf/lib/m68000/libc.a(stksiz.o)
                              /Users/davidebucci/Desktop/Synchronized/Vintage/Computing/Atari/ST/brown//../bigbrownbuild-git/mintlib-bigbrownbuild-10.2.0/startup/crt0.o (__stksize)
[...]
Memory Configuration

Name             Origin             Length             Attributes
*default*        0x0000000000000000 0xffffffffffffffff

Linker script and memory map

LOAD /Users/davidebucci/Desktop/Synchronized/Vintage/Computing/Atari/ST/brown/lib/gcc/m68k-atariextrabrowner-elf/10.2.0/m68000/crtbegin.o
LOAD /Users/davidebucci/Desktop/Synchronized/Vintage/Computing/Atari/ST/brown//../bigbrownbuild-git/mintlib-bigbrownbuild-10.2.0/startup/crt0.o
LOAD queens_no_UTF8.o
LOAD /var/folders/sk/pxzc9l1n12xfhw7mpgdgdkdc0000gn/T//tqf40.elf.kOuEog.ltrans0.ltrans.o
LOAD inout40.o
LOAD loadsave.o
LOAD cover_pics/queen.o
LOAD /Users/davidebucci/Desktop/Synchronized/Vintage/Computing/Atari/ST/brown//lib/gcc/m68k-atariextrabrowner-elf/10.2.0/m68000/libgcc.a
LOAD /Users/davidebucci/Desktop/Synchronized/Vintage/Computing/Atari/ST/brown/lib/gcc/m68k-atariextrabrowner-elf/10.2.0/../../../../m68k-atariextrabrowner-elf/lib/m68000/libc.a
LOAD /Users/davidebucci/Desktop/Synchronized/Vintage/Computing/Atari/ST/brown//lib/gcc/m68k-atariextrabrowner-elf/10.2.0/m68000/libgcc.a
LOAD /Users/davidebucci/Desktop/Synchronized/Vintage/Computing/Atari/ST/brown/lib/gcc/m68k-atariextrabrowner-elf/10.2.0/m68000/crtend.o
Address of section .text set to 0x0
                [!provide]                        PROVIDE (__executable_start = SEGMENT_START ("text-segment", 0x80000000))
                0x0000000080000094                . = (SEGMENT_START ("text-segment", 0x80000000) + SIZEOF_HEADERS)

.interp
 *(.interp)

.note.gnu.build-id
 *(.note.gnu.build-id)

.hash
 *(.hash)

.gnu.hash
 *(.gnu.hash)

.dynsym
 *(.dynsym)

.dynstr
 *(.dynstr)

.gnu.version
 *(.gnu.version)

.gnu.version_d
 *(.gnu.version_d)

.gnu.version_r
 *(.gnu.version_r)

.rela.dyn       0x0000000080000094        0x0
 *(.rela.init)
 *(.rela.text .rela.text.* .rela.gnu.linkonce.t.*)
 *(.rela.fini)
 *(.rela.rodata .rela.rodata.* .rela.gnu.linkonce.r.*)
 *(.rela.data .rela.data.* .rela.gnu.linkonce.d.*)
 *(.rela.tdata .rela.tdata.* .rela.gnu.linkonce.td.*)
 *(.rela.tbss .rela.tbss.* .rela.gnu.linkonce.tb.*)
 *(.rela.ctors)
 *(.rela.dtors)
 *(.rela.got)
 *(.rela.bss .rela.bss.* .rela.gnu.linkonce.b.*)
                [!provide]                        PROVIDE (__rela_iplt_start = .)
 *(.rela.iplt)
                [!provide]                        PROVIDE (__rela_iplt_end = .)

.rela.plt
 *(.rela.plt)

.init           0x0000000080000094        0xc
 *(SORT_NONE(.init))
 .init          0x0000000080000094        0x6 /Users/davidebucci/Desktop/Synchronized/Vintage/Computing/Atari/ST/brown/lib/gcc/m68k-atariextrabrowner-elf/10.2.0/m68000/crtbegin.o
 .init          0x000000008000009a        0x6 /Users/davidebucci/Desktop/Synchronized/Vintage/Computing/Atari/ST/brown/lib/gcc/m68k-atariextrabrowner-elf/10.2.0/m68000/crtend.o

.plt
 *(.plt)

.iplt
 *(.iplt)

.text           0x0000000000000000    0x3dcb8
 *(.text.unlikely .text.*_unlikely .text.unlikely.*)
 .text.unlikely
                0x0000000000000000       0x14 /Users/davidebucci/Desktop/Synchronized/Vintage/Computing/Atari/ST/brown/lib/gcc/m68k-atariextrabrowner-elf/10.2.0/../../../../m68k-atariextrabrowner-elf/lib/m68000/libc.a(abort.o)
                0x0000000000000000                _abort
 *(.text.exit .text.exit.*)
 *(.text.startup .text.startup.*)
 .text.startup.main
                0x0000000000000014       0x3e /var/folders/sk/pxzc9l1n12xfhw7mpgdgdkdc0000gn/T//tqf40.elf.kOuEog.ltrans0.ltrans.o
                0x0000000000000014                _main
 *(.text.hot .text.hot.*)
 *(SORT_BY_NAME(.text.sorted.*))
 *(.text .stub .text.* .gnu.linkonce.t.*)
 *fill*         0x0000000000000052        0x2 4e714e71
 .text          0x0000000000000054       0xf0 /Users/davidebucci/Desktop/Synchronized/Vintage/Computing/Atari/ST/brown/lib/gcc/m68k-atariextrabrowner-elf/10.2.0/m68000/crtbegin.o
 .text          0x0000000000000144       0x70 /Users/davidebucci/Desktop/Synchronized/Vintage/Computing/Atari/ST/brown//../bigbrownbuild-git/mintlib-bigbrownbuild-10.2.0/startup/crt0.o
                0x0000000000000144                __start
                0x00000000000001b2                __monstartup
                0x00000000000001b2                __moncontrol
                0x00000000000001b2                ___mcleanup
 .text          0x00000000000001b4        0x0 /var/folders/sk/pxzc9l1n12xfhw7mpgdgdkdc0000gn/T//tqf40.elf.kOuEog.ltrans0.ltrans.o
 .text.restart  0x00000000000001b4       0x92 /var/folders/sk/pxzc9l1n12xfhw7mpgdgdkdc0000gn/T//tqf40.elf.kOuEog.ltrans0.ltrans.o
 .text.object_is_available
                0x0000000000000246       0x76 /var/folders/sk/pxzc9l1n12xfhw7mpgdgdkdc0000gn/T//tqf40.elf.kOuEog.ltrans0.ltrans.o
 .text.cvna     0x00000000000002bc       0x7c /var/folders/sk/pxzc9l1n12xfhw7mpgdgdkdc0000gn/T//tqf40.elf.kOuEog.ltrans0.ltrans.o
 .text.check_verb70_actor_available
                0x0000000000000338       0x98 /var/folders/sk/pxzc9l1n12xfhw7mpgdgdkdc0000gn/T//tqf40.elf.kOuEog.ltrans0.ltrans.o
 .text.check_verb75_actor_available
                0x00000000000003d0       0x98 /var/folders/sk/pxzc9l1n12xfhw7mpgdgdkdc0000gn/T//tqf40.elf.kOuEog.ltrans0.ltrans.o
 .text.writesameln
                0x0000000000000468      0x1f6 /var/folders/sk/pxzc9l1n12xfhw7mpgdgdkdc0000gn/T//tqf40.elf.kOuEog.ltrans0.ltrans.o
 .text.show_messagenlf
                0x000000000000065e      0x18c /var/folders/sk/pxzc9l1n12xfhw7mpgdgdkdc0000gn/T//tqf40.elf.kOuEog.ltrans0.ltrans.o
 .text.writesameln.constprop.0
                0x00000000000007ea      0x216 /var/folders/sk/pxzc9l1n12xfhw7mpgdgdkdc0000gn/T//tqf40.elf.kOuEog.ltrans0.ltrans.o
 .text.get      0x0000000000000a00       0x90 /var/folders/sk/pxzc9l1n12xfhw7mpgdgdkdc0000gn/T//tqf40.elf.kOuEog.ltrans0.ltrans.o
 .text.drop     0x0000000000000a90       0x68 /var/folders/sk/pxzc9l1n12xfhw7mpgdgdkdc0000gn/T//tqf40.elf.kOuEog.ltrans0.ltrans.o
 .text.hi_cond  0x0000000000000af8      0x4ce /var/folders/sk/pxzc9l1n12xfhw7mpgdgdkdc0000gn/T//tqf40.elf.kOuEog.ltrans0.ltrans.o
 .text.writesameln.constprop.1
                0x0000000000000fc6      0x216 /var/folders/sk/pxzc9l1n12xfhw7mpgdgdkdc0000gn/T//tqf40.elf.kOuEog.ltrans0.ltrans.o
 .text.wri      0x00000000000011dc       0xf8 /var/folders/sk/pxzc9l1n12xfhw7mpgdgdkdc0000gn/T//tqf40.elf.kOuEog.ltrans0.ltrans.o
 .text.loadgame.constprop.0
                0x00000000000012d4      0x59c /var/folders/sk/pxzc9l1n12xfhw7mpgdgdkdc0000gn/T//tqf40.elf.kOuEog.ltrans0.ltrans.o
 .text.game_cycle
                0x0000000000001870     0x7708 /var/folders/sk/pxzc9l1n12xfhw7mpgdgdkdc0000gn/T//tqf40.elf.kOuEog.ltrans0.ltrans.o
 .text          0x0000000000008f78    0x1dbcc cover_pics/queen.o
                0x0000000000008f7e                _pic_display
 .text          0x0000000000026b44       0x14 /Users/davidebucci/Desktop/Synchronized/Vintage/Computing/Atari/ST/brown/lib/gcc/m68k-atariextrabrowner-elf/10.2.0/../../../../m68k-atariextrabrowner-elf/lib/m68000/libc.a(checkcpu.o)
                0x0000000000026b44                __checkcpu
 .text          0x0000000000026b58      0x732 /Users/davidebucci/Desktop/Synchronized/Vintage/Computing/Atari/ST/brown/lib/gcc/m68k-atariextrabrowner-elf/10.2.0/../../../../m68k-atariextrabrowner-elf/lib/m68000/libc.a(crtinit.o)
                0x0000000000026b58                __acc_main
                0x0000000000026c66                __crtinit
 *fill*         0x000000000002728a        0x2 4e714e71
 .text          0x000000000002728c       0x6e /Users/davidebucci/Desktop/Synchronized/Vintage/Computing/Atari/ST/brown/lib/gcc/m68k-atariextrabrowner-elf/10.2.0/../../../../m68k-atariextrabrowner-elf/lib/m68000/libc.a(getenv.o)
                0x000000000002728c                _getenv
 *fill*         0x00000000000272fa        0x2 4e714e71
 .text          0x00000000000272fc        0x0 /Users/davidebucci/Desktop/Synchronized/Vintage/Computing/Atari/ST/brown/lib/gcc/m68k-atariextrabrowner-elf/10.2.0/../../../../m68k-atariextrabrowner-elf/lib/m68000/libc.a(globals.o)
 .text          0x00000000000272fc        0x0 /Users/davidebucci/Desktop/Synchronized/Vintage/Computing/Atari/ST/brown/lib/gcc/m68k-atariextrabrowner-elf/10.2.0/../../../../m68k-atariextrabrowner-elf/lib/m68000/libc.a(heapbase.o)
 .text          0x00000000000272fc        0x0 /Users/davidebucci/Desktop/Synchronized/Vintage/Computing/Atari/ST/brown/lib/gcc/m68k-atariextrabrowner-elf/10.2.0/../../../../m68k-atariextrabrowner-elf/lib/m68000/libc.a(ident.o)
 .text          0x00000000000272fc        0x0 /Users/davidebucci/Desktop/Synchronized/Vintage/Computing/Atari/ST/brown/lib/gcc/m68k-atariextrabrowner-elf/10.2.0/../../../../m68k-atariextrabrowner-elf/lib/m68000/libc.a(ident_dummy_gem.o)
 .text          0x00000000000272fc        0x0 /Users/davidebucci/Desktop/Synchronized/Vintage/Computing/Atari/ST/brown/lib/gcc/m68k-atariextrabrowner-elf/10.2.0/../../../../m68k-atariextrabrowner-elf/lib/m68000/libc.a(inistack.o)
 .text          0x00000000000272fc      0x6e2 /Users/davidebucci/Desktop/Synchronized/Vintage/Computing/Atari/ST/brown/lib/gcc/m68k-atariextrabrowner-elf/10.2.0/../../../../m68k-atariextrabrowner-elf/lib/m68000/libc.a(main.o)
                0x000000000002739a                __main
                0x000000000002739a                ___libc_main
 *fill*         0x00000000000279de        0x2 4e714e71
 .text          0x00000000000279e0      0x4be /Users/davidebucci/Desktop/Synchronized/Vintage/Computing/Atari/ST/brown/lib/gcc/m68k-atariextrabrowner-elf/10.2.0/../../../../m68k-atariextrabrowner-elf/lib/m68000/libc.a(malloc.o)
                0x00000000000279e0                ___mallocChunkSize
                0x00000000000279e0                __mallocChunkSize
                0x00000000000279f2                __malloczero
                0x00000000000279f2                ___malloczero
                0x00000000000279fc                _malloc
                0x00000000000279fc                ___malloc
                0x0000000000027bdc                _free
                0x0000000000027bdc                ___free
 *fill*         0x0000000000027e9e        0x2 4e714e71
 .text          0x0000000000027ea0      0x156 /Users/davidebucci/Desktop/Synchronized/Vintage/Computing/Atari/ST/brown/lib/gcc/m68k-atariextrabrowner-elf/10.2.0/../../../../m68k-atariextrabrowner-elf/lib/m68000/libc.a(realloc.o)
                0x0000000000027ea0                ___realloc
                0x0000000000027ea0                _realloc
 *fill*         0x0000000000027ff6        0x2 4e714e71
 .text          0x0000000000027ff8        0xc /Users/davidebucci/Desktop/Synchronized/Vintage/Computing/Atari/ST/brown/lib/gcc/m68k-atariextrabrowner-elf/10.2.0/../../../../m68k-atariextrabrowner-elf/lib/m68000/libc.a(setstack.o)
                0x0000000000027ff8                __setstack
 .text          0x0000000000028004        0x0 /Users/davidebucci/Desktop/Synchronized/Vintage/Computing/Atari/ST/brown/lib/gcc/m68k-atariextrabrowner-elf/10.2.0/../../../../m68k-atariextrabrowner-elf/lib/m68000/libc.a(stksiz.o)
 .text          0x0000000000028004      0x4ca /Users/davidebucci/Desktop/Synchronized/Vintage/Computing/Atari/ST/brown/lib/gcc/m68k-atariextrabrowner-elf/10.2.0/../../../../m68k-atariextrabrowner-elf/lib/m68000/libc.a(unx2dos.o)
                0x0000000000028004                __unx2dos
                0x0000000000028226                __dos2unx
                0x0000000000028360                _unx2dos
                0x0000000000028376                _dos2unx
                0x000000000002838c                __path_unx2dos
                0x000000000002842a                __path_dos2unx
 *fill*         0x00000000000284ce        0x2 4e714e71
 .text          0x00000000000284d0       0x24 /Users/davidebucci/Desktop/Synchronized/Vintage/Computing/Atari/ST/brown/lib/gcc/m68k-atariextrabrowner-elf/10.2.0/../../../../m68k-atariextrabrowner-elf/lib/m68000/libc.a(initsig.o)
                0x00000000000284d0                __init_signal
 .text          0x00000000000284f4       0xcc /Users/davidebucci/Desktop/Synchronized/Vintage/Computing/Atari/ST/brown/lib/gcc/m68k-atariextrabrowner-elf/10.2.0/../../../../m68k-atariextrabrowner-elf/lib/m68000/libc.a(binmode.o)
                0x00000000000284f4                __binmode
                0x00000000000284f4                ___binmode
                0x000000000002850e                ___set_binmode
 .text          0x00000000000285c0        0x0 /Users/davidebucci/Desktop/Synchronized/Vintage/Computing/Atari/ST/brown/lib/gcc/m68k-atariextrabrowner-elf/10.2.0/../../../../m68k-atariextrabrowner-elf/lib/m68000/libc.a(defmode.o)
 .text          0x00000000000285c0       0xea /Users/davidebucci/Desktop/Synchronized/Vintage/Computing/Atari/ST/brown/lib/gcc/m68k-atariextrabrowner-elf/10.2.0/../../../../m68k-atariextrabrowner-elf/lib/m68000/libc.a(fclose.o)
                0x00000000000285c0                _fclose
 *fill*         0x00000000000286aa        0x2 4e714e71
 .text          0x00000000000286ac      0x208 /Users/davidebucci/Desktop/Synchronized/Vintage/Computing/Atari/ST/brown/lib/gcc/m68k-atariextrabrowner-elf/10.2.0/../../../../m68k-atariextrabrowner-elf/lib/m68000/libc.a(fgets.o)
                0x00000000000286ac                _fgets_unlocked
                0x00000000000286ac                _fgets
 .text          0x00000000000288b4       0x64 /Users/davidebucci/Desktop/Synchronized/Vintage/Computing/Atari/ST/brown/lib/gcc/m68k-atariextrabrowner-elf/10.2.0/../../../../m68k-atariextrabrowner-elf/lib/m68000/libc.a(fileno.o)
                0x00000000000288b4                _fileno
                0x00000000000288b4                _fileno_unlocked
 .text          0x0000000000028918      0x156 /Users/davidebucci/Desktop/Synchronized/Vintage/Computing/Atari/ST/brown/lib/gcc/m68k-atariextrabrowner-elf/10.2.0/../../../../m68k-atariextrabrowner-elf/lib/m68000/libc.a(fopen.o)
                0x00000000000289b8                ___getmode
                0x00000000000289ce                _fopen
 *fill*         0x0000000000028a6e        0x2 4e714e71
 .text          0x0000000000028a70       0x2c /Users/davidebucci/Desktop/Synchronized/Vintage/Computing/Atari/ST/brown/lib/gcc/m68k-atariextrabrowner-elf/10.2.0/../../../../m68k-atariextrabrowner-elf/lib/m68000/libc.a(getchar.o)
                0x0000000000028a70                _getchar_unlocked
                0x0000000000028a70                _getchar
 .text          0x0000000000028a9c      0xbb4 /Users/davidebucci/Desktop/Synchronized/Vintage/Computing/Atari/ST/brown/lib/gcc/m68k-atariextrabrowner-elf/10.2.0/../../../../m68k-atariextrabrowner-elf/lib/m68000/libc.a(internals.o)
                0x0000000000028bec                ___stdio_check_funcs
                0x0000000000028c88                ___stdio_check_offset
                0x00000000000292da                ___flshfp
                0x000000000002946c                ___fillbf
                0x0000000000029628                ___invalidate
 .text          0x0000000000029650       0x76 /Users/davidebucci/Desktop/Synchronized/Vintage/Computing/Atari/ST/brown/lib/gcc/m68k-atariextrabrowner-elf/10.2.0/../../../../m68k-atariextrabrowner-elf/lib/m68000/libc.a(newstream.o)
                0x0000000000029650                ___newstream
 *fill*         0x00000000000296c6        0x2 4e714e71
 .text          0x00000000000296c8      0x118 /Users/davidebucci/Desktop/Synchronized/Vintage/Computing/Atari/ST/brown/lib/gcc/m68k-atariextrabrowner-elf/10.2.0/../../../../m68k-atariextrabrowner-elf/lib/m68000/libc.a(setvbuf.o)
                0x00000000000296c8                _setvbuf
 .text          0x00000000000297e0       0x84 /Users/davidebucci/Desktop/Synchronized/Vintage/Computing/Atari/ST/brown/lib/gcc/m68k-atariextrabrowner-elf/10.2.0/../../../../m68k-atariextrabrowner-elf/lib/m68000/libc.a(stdio_init.o)
                0x00000000000297e0                ___stdio_init_stream
 .text          0x0000000000029864      0x398 /Users/davidebucci/Desktop/Synchronized/Vintage/Computing/Atari/ST/brown/lib/gcc/m68k-atariextrabrowner-elf/10.2.0/../../../../m68k-atariextrabrowner-elf/lib/m68000/libc.a(sysd-stdio.o)
                0x0000000000029864                ___stdio_close
                0x000000000002986a                ___stdio_read
                0x0000000000029870                ___stdio_text_read
                0x0000000000029978                ___stdio_write
                0x00000000000299c6                ___stdio_text_write
                0x0000000000029ab4                ___stdio_seek
                0x0000000000029ae0                ___stdio_fileno
                0x0000000000029ae6                ___stdio_open
                0x0000000000029b68                ___stdio_reopen
 .text          0x0000000000029bfc       0x16 /Users/davidebucci/Desktop/Synchronized/Vintage/Computing/Atari/ST/brown/lib/gcc/m68k-atariextrabrowner-elf/10.2.0/../../../../m68k-atariextrabrowner-elf/lib/m68000/libc.a(atoi.o)
                0x0000000000029bfc                _atoi
 *fill*         0x0000000000029c12        0x2 4e714e71
 .text          0x0000000000029c14       0x38 /Users/davidebucci/Desktop/Synchronized/Vintage/Computing/Atari/ST/brown/lib/gcc/m68k-atariextrabrowner-elf/10.2.0/../../../../m68k-atariextrabrowner-elf/lib/m68000/libc.a(exit.o)
                0x0000000000029c14                ___exit
                0x0000000000029c14                _exit
 .text          0x0000000000029c4c      0x330 /Users/davidebucci/Desktop/Synchronized/Vintage/Computing/Atari/ST/brown/lib/gcc/m68k-atariextrabrowner-elf/10.2.0/../../../../m68k-atariextrabrowner-elf/lib/m68000/libc.a(strtol.o)
                0x0000000000029f30                ___strtol_internal
                0x0000000000029f56                _strtol
 .text          0x0000000000029f7c      0x1c4 /Users/davidebucci/Desktop/Synchronized/Vintage/Computing/Atari/ST/brown/lib/gcc/m68k-atariextrabrowner-elf/10.2.0/../../../../m68k-atariextrabrowner-elf/lib/m68000/libc.a(bcopy.o)
                0x0000000000029f7c                _memcpy
                0x0000000000029f7c                _memmove
                0x0000000000029f86                ___bcopy
                0x0000000000029f86                _bcopy
                0x0000000000029f86                __bcopy
 .text          0x000000000002a140       0xa8 /Users/davidebucci/Desktop/Synchronized/Vintage/Computing/Atari/ST/brown/lib/gcc/m68k-atariextrabrowner-elf/10.2.0/../../../../m68k-atariextrabrowner-elf/lib/m68000/libc.a(bzero.o)
                0x000000000002a140                _bzero
                0x000000000002a140                __bzero
                0x000000000002a140                ___bzero
 .text          0x000000000002a1e8       0x32 /Users/davidebucci/Desktop/Synchronized/Vintage/Computing/Atari/ST/brown/lib/gcc/m68k-atariextrabrowner-elf/10.2.0/../../../../m68k-atariextrabrowner-elf/lib/m68000/libc.a(memccpy.o)
                0x000000000002a1e8                _memccpy
                0x000000000002a1e8                ___memccpy
 *fill*         0x000000000002a21a        0x2 4e714e71
 .text          0x000000000002a21c       0xaa /Users/davidebucci/Desktop/Synchronized/Vintage/Computing/Atari/ST/brown/lib/gcc/m68k-atariextrabrowner-elf/10.2.0/../../../../m68k-atariextrabrowner-elf/lib/m68000/libc.a(memset.o)
                0x000000000002a21c                _memset
 *fill*         0x000000000002a2c6        0x2 4e714e71
 .text          0x000000000002a2c8       0x36 /Users/davidebucci/Desktop/Synchronized/Vintage/Computing/Atari/ST/brown/lib/gcc/m68k-atariextrabrowner-elf/10.2.0/../../../../m68k-atariextrabrowner-elf/lib/m68000/libc.a(strcmp.o)
                0x000000000002a2c8                _strcmp
 *fill*         0x000000000002a2fe        0x2 4e714e71
 .text          0x000000000002a300       0x18 /Users/davidebucci/Desktop/Synchronized/Vintage/Computing/Atari/ST/brown/lib/gcc/m68k-atariextrabrowner-elf/10.2.0/../../../../m68k-atariextrabrowner-elf/lib/m68000/libc.a(strlen.o)
                0x000000000002a300                _strlen
 .text          0x000000000002a318       0x40 /Users/davidebucci/Desktop/Synchronized/Vintage/Computing/Atari/ST/brown/lib/gcc/m68k-atariextrabrowner-elf/10.2.0/../../../../m68k-atariextrabrowner-elf/lib/m68000/libc.a(strncat.o)
                0x000000000002a318                _strncat
 .text          0x000000000002a358       0x5a /Users/davidebucci/Desktop/Synchronized/Vintage/Computing/Atari/ST/brown/lib/gcc/m68k-atariextrabrowner-elf/10.2.0/../../../../m68k-atariextrabrowner-elf/lib/m68000/libc.a(strncmp.o)
                0x000000000002a358                _strncmp
 *fill*         0x000000000002a3b2        0x2 4e714e71
 .text          0x000000000002a3b4       0x40 /Users/davidebucci/Desktop/Synchronized/Vintage/Computing/Atari/ST/brown/lib/gcc/m68k-atariextrabrowner-elf/10.2.0/../../../../m68k-atariextrabrowner-elf/lib/m68000/libc.a(strncpy.o)
                0x000000000002a3b4                _strncpy
 .text          0x000000000002a3f4       0x4c /Users/davidebucci/Desktop/Synchronized/Vintage/Computing/Atari/ST/brown/lib/gcc/m68k-atariextrabrowner-elf/10.2.0/../../../../m68k-atariextrabrowner-elf/lib/m68000/libc.a(strrchr.o)
                0x000000000002a3f4                _rindex
                0x000000000002a3f4                _strrchr
 .text          0x000000000002a440       0x58 /Users/davidebucci/Desktop/Synchronized/Vintage/Computing/Atari/ST/brown/lib/gcc/m68k-atariextrabrowner-elf/10.2.0/../../../../m68k-atariextrabrowner-elf/lib/m68000/libc.a(close.o)
                0x000000000002a440                ___close
                0x000000000002a440                _close
 .text          0x000000000002a498       0xd4 /Users/davidebucci/Desktop/Synchronized/Vintage/Computing/Atari/ST/brown/lib/gcc/m68k-atariextrabrowner-elf/10.2.0/../../../../m68k-atariextrabrowner-elf/lib/m68000/libc.a(dup2.o)
                0x000000000002a498                _dup2
                0x000000000002a498                ___dup2
 .text          0x000000000002a56c       0x18 /Users/davidebucci/Desktop/Synchronized/Vintage/Computing/Atari/ST/brown/lib/gcc/m68k-atariextrabrowner-elf/10.2.0/../../../../m68k-atariextrabrowner-elf/lib/m68000/libc.a(fstat.o)
                0x000000000002a56c                _fstat
                0x000000000002a56c                ___fstat
 .text          0x000000000002a584       0x4c /Users/davidebucci/Desktop/Synchronized/Vintage/Computing/Atari/ST/brown/lib/gcc/m68k-atariextrabrowner-elf/10.2.0/../../../../m68k-atariextrabrowner-elf/lib/m68000/libc.a(getpagesize.o)
                0x000000000002a584                ___getpagesize
                0x000000000002a584                _getpagesize
 .text          0x000000000002a5d0      0x154 /Users/davidebucci/Desktop/Synchronized/Vintage/Computing/Atari/ST/brown/lib/gcc/m68k-atariextrabrowner-elf/10.2.0/../../../../m68k-atariextrabrowner-elf/lib/m68000/libc.a(lseek.o)
                0x000000000002a5d0                ___lseek
                0x000000000002a5d0                _lseek
 .text          0x000000000002a724      0x94e /Users/davidebucci/Desktop/Synchronized/Vintage/Computing/Atari/ST/brown/lib/gcc/m68k-atariextrabrowner-elf/10.2.0/../../../../m68k-atariextrabrowner-elf/lib/m68000/libc.a(open.o)
                0x000000000002a7ca                ___open_v
                0x000000000002b056                _open
                0x000000000002b056                ___open
 *fill*         0x000000000002b072        0x2 4e714e71
 .text          0x000000000002b074      0x430 /Users/davidebucci/Desktop/Synchronized/Vintage/Computing/Atari/ST/brown/lib/gcc/m68k-atariextrabrowner-elf/10.2.0/../../../../m68k-atariextrabrowner-elf/lib/m68000/libc.a(read.o)
                0x000000000002b074                _read
                0x000000000002b074                ___read
 .text          0x000000000002b4a4       0x82 /Users/davidebucci/Desktop/Synchronized/Vintage/Computing/Atari/ST/brown/lib/gcc/m68k-atariextrabrowner-elf/10.2.0/../../../../m68k-atariextrabrowner-elf/lib/m68000/libc.a(sbrk.o)
                0x000000000002b4a4                _sbrk
                0x000000000002b4a4                ___sbrk
 *fill*         0x000000000002b526        0x2 4e714e71
 .text          0x000000000002b528       0x4c /Users/davidebucci/Desktop/Synchronized/Vintage/Computing/Atari/ST/brown/lib/gcc/m68k-atariextrabrowner-elf/10.2.0/../../../../m68k-atariextrabrowner-elf/lib/m68000/libc.a(sysctl.o)
                0x000000000002b528                ___sysctl
                0x000000000002b528                _sysctl
 .text          0x000000000002b574      0x178 /Users/davidebucci/Desktop/Synchronized/Vintage/Computing/Atari/ST/brown/lib/gcc/m68k-atariextrabrowner-elf/10.2.0/../../../../m68k-atariextrabrowner-elf/lib/m68000/libc.a(write.o)
                0x000000000002b574                _write
                0x000000000002b574                ___write
 .text          0x000000000002b6ec        0x0 /Users/davidebucci/Desktop/Synchronized/Vintage/Computing/Atari/ST/brown/lib/gcc/m68k-atariextrabrowner-elf/10.2.0/../../../../m68k-atariextrabrowner-elf/lib/m68000/libc.a(ident_sock.o)
 .text          0x000000000002b6ec      0x17c /Users/davidebucci/Desktop/Synchronized/Vintage/Computing/Atari/ST/brown/lib/gcc/m68k-atariextrabrowner-elf/10.2.0/../../../../m68k-atariextrabrowner-elf/lib/m68000/libc.a(assert.o)
                0x000000000002b6ec                ___assert_fail
 .text          0x000000000002b868       0x8e /Users/davidebucci/Desktop/Synchronized/Vintage/Computing/Atari/ST/brown/lib/gcc/m68k-atariextrabrowner-elf/10.2.0/../../../../m68k-atariextrabrowner-elf/lib/m68000/libc.a(console.o)
                0x000000000002b868                __console_read_byte
                0x000000000002b8c8                __console_write_byte
 *fill*         0x000000000002b8f6        0x2 4e714e71
 .text          0x000000000002b8f8      0x1b4 /Users/davidebucci/Desktop/Synchronized/Vintage/Computing/Atari/ST/brown/lib/gcc/m68k-atariextrabrowner-elf/10.2.0/../../../../m68k-atariextrabrowner-elf/lib/m68000/libc.a(ctype.o)
                0x000000000002b8f8                _isalnum
                0x000000000002b918                _isalpha
                0x000000000002b938                _isascii
                0x000000000002b948                _toascii
                0x000000000002b950                _iscntrl
                0x000000000002b984                _isdigit
                0x000000000002b9a4                _isgraph
                0x000000000002b9c6                _islower
                0x000000000002b9e8                _isprint
                0x000000000002ba0a                _ispunct
                0x000000000002ba2a                _isspace
                0x000000000002ba4a                _isupper
                0x000000000002ba6a                _isxdigit
                0x000000000002ba8a                ___isblank
                0x000000000002ba8a                _isblank
 .text          0x000000000002baac      0x448 /Users/davidebucci/Desktop/Synchronized/Vintage/Computing/Atari/ST/brown/lib/gcc/m68k-atariextrabrowner-elf/10.2.0/../../../../m68k-atariextrabrowner-elf/lib/m68000/libc.a(do_fstat.o)
                0x000000000002baac                ___sys_fstat
                0x000000000002bc10                ___do_fstat
 .text          0x000000000002bef4      0x134 /Users/davidebucci/Desktop/Synchronized/Vintage/Computing/Atari/ST/brown/lib/gcc/m68k-atariextrabrowner-elf/10.2.0/../../../../m68k-atariextrabrowner-elf/lib/m68000/libc.a(enoent.o)
                0x000000000002bef4                __enoent
 .text          0x000000000002c028       0x7e /Users/davidebucci/Desktop/Synchronized/Vintage/Computing/Atari/ST/brown/lib/gcc/m68k-atariextrabrowner-elf/10.2.0/../../../../m68k-atariextrabrowner-elf/lib/m68000/libc.a(getcookie.o)
                0x000000000002c028                _Getcookie
 *fill*         0x000000000002c0a6        0x2 4e714e71
 .text          0x000000000002c0a8       0x60 /Users/davidebucci/Desktop/Synchronized/Vintage/Computing/Atari/ST/brown/lib/gcc/m68k-atariextrabrowner-elf/10.2.0/../../../../m68k-atariextrabrowner-elf/lib/m68000/libc.a(getsysvar.o)
                0x000000000002c0a8                _get_sysvar
 .text          0x000000000002c108        0x0 /Users/davidebucci/Desktop/Synchronized/Vintage/Computing/Atari/ST/brown/lib/gcc/m68k-atariextrabrowner-elf/10.2.0/../../../../m68k-atariextrabrowner-elf/lib/m68000/libc.a(inode.o)
 .text          0x000000000002c108      0x112 /Users/davidebucci/Desktop/Synchronized/Vintage/Computing/Atari/ST/brown/lib/gcc/m68k-atariextrabrowner-elf/10.2.0/../../../../m68k-atariextrabrowner-elf/lib/m68000/libc.a(isatty.o)
                0x000000000002c108                ___isatty
                0x000000000002c108                _isatty
 *fill*         0x000000000002c21a        0x2 4e714e71
 .text          0x000000000002c21c       0xb2 /Users/davidebucci/Desktop/Synchronized/Vintage/Computing/Atari/ST/brown/lib/gcc/m68k-atariextrabrowner-elf/10.2.0/../../../../m68k-atariextrabrowner-elf/lib/m68000/libc.a(isctty.o)
                0x000000000002c21c                __isctty
 *fill*         0x000000000002c2ce        0x2 4e714e71
 .text          0x000000000002c2d0       0x1a /Users/davidebucci/Desktop/Synchronized/Vintage/Computing/Atari/ST/brown/lib/gcc/m68k-atariextrabrowner-elf/10.2.0/../../../../m68k-atariextrabrowner-elf/lib/m68000/libc.a(libc_exit.o)
                0x000000000002c2d0                __exit
                0x000000000002c2d0                ___libc_exit
 *fill*         0x000000000002c2ea        0x2 4e714e71
 .text          0x000000000002c2ec      0x57e /Users/davidebucci/Desktop/Synchronized/Vintage/Computing/Atari/ST/brown/lib/gcc/m68k-atariextrabrowner-elf/10.2.0/../../../../m68k-atariextrabrowner-elf/lib/m68000/libc.a(quickstat.o)
                0x000000000002c2ec                ___quickstat
 *fill*         0x000000000002c86a        0x2 4e714e71
 .text          0x000000000002c86c       0x4c /Users/davidebucci/Desktop/Synchronized/Vintage/Computing/Atari/ST/brown/lib/gcc/m68k-atariextrabrowner-elf/10.2.0/../../../../m68k-atariextrabrowner-elf/lib/m68000/libc.a(toxxx.o)
                0x000000000002c86c                __toupper
                0x000000000002c86c                _toupper
                0x000000000002c892                __tolower
                0x000000000002c892                _tolower
 .text          0x000000000002c8b8       0x72 /Users/davidebucci/Desktop/Synchronized/Vintage/Computing/Atari/ST/brown/lib/gcc/m68k-atariextrabrowner-elf/10.2.0/../../../../m68k-atariextrabrowner-elf/lib/m68000/libc.a(unixtime.o)
                0x000000000002c8b8                ___unixtime
 *fill*         0x000000000002c92a        0x2 4e714e71
 .text          0x000000000002c92c       0x16 /Users/davidebucci/Desktop/Synchronized/Vintage/Computing/Atari/ST/brown/lib/gcc/m68k-atariextrabrowner-elf/10.2.0/../../../../m68k-atariextrabrowner-elf/lib/m68000/libc.a(raise.o)
                0x000000000002c92c                _gsignal
                0x000000000002c92c                _raise
 *fill*         0x000000000002c942        0x2 4e714e71
 .text          0x000000000002c944       0x5c /Users/davidebucci/Desktop/Synchronized/Vintage/Computing/Atari/ST/brown/lib/gcc/m68k-atariextrabrowner-elf/10.2.0/../../../../m68k-atariextrabrowner-elf/lib/m68000/libc.a(fcloseall.o)
                0x000000000002c944                _fcloseall
                0x000000000002c944                ___fcloseall
 .text          0x000000000002c9a0       0xce /Users/davidebucci/Desktop/Synchronized/Vintage/Computing/Atari/ST/brown/lib/gcc/m68k-atariextrabrowner-elf/10.2.0/../../../../m68k-atariextrabrowner-elf/lib/m68000/libc.a(fflush.o)
                0x000000000002c9a0                _fflush
                0x000000000002c9a0                _fflush_unlocked
 *fill*         0x000000000002ca6e        0x2 4e714e71
 .text          0x000000000002ca70        0x0 /Users/davidebucci/Desktop/Synchronized/Vintage/Computing/Atari/ST/brown/lib/gcc/m68k-atariextrabrowner-elf/10.2.0/../../../../m68k-atariextrabrowner-elf/lib/m68000/libc.a(itoa-digits.o)
 .text          0x000000000002ca70      0x318 /Users/davidebucci/Desktop/Synchronized/Vintage/Computing/Atari/ST/brown/lib/gcc/m68k-atariextrabrowner-elf/10.2.0/../../../../m68k-atariextrabrowner-elf/lib/m68000/libc.a(strtoul.o)
                0x000000000002cd3c                ___strtoul_internal
                0x000000000002cd62                _strtoul
 .text          0x000000000002cd88       0x1c /Users/davidebucci/Desktop/Synchronized/Vintage/Computing/Atari/ST/brown/lib/gcc/m68k-atariextrabrowner-elf/10.2.0/../../../../m68k-atariextrabrowner-elf/lib/m68000/libc.a(strchr.o)
                0x000000000002cd88                _strchr
                0x000000000002cd88                _index
                0x000000000002cd88                ___strchr
 .text          0x000000000002cda4     0x2c7c /Users/davidebucci/Desktop/Synchronized/Vintage/Computing/Atari/ST/brown/lib/gcc/m68k-atariextrabrowner-elf/10.2.0/../../../../m68k-atariextrabrowner-elf/lib/m68000/libc.a(localtime.o)
                0x000000000002f412                _tzsetwall
                0x000000000002f4bc                _tzset
                0x000000000002f62c                _localtime
                0x000000000002f646                _localtime_r
                0x000000000002f65a                _gmtime
                0x000000000002f6f2                _gmtime_r
                0x000000000002f786                _offtime
                0x000000000002f822                _ctime
                0x000000000002f84a                _ctime_r
                0x000000000002f870                _mktime
                0x000000000002f888                _timelocal
                0x000000000002f8b2                _timegm
                0x000000000002f8d2                _timeoff
                0x000000000002f8f4                _time2posix
                0x000000000002f932                _posix2time
 .text          0x000000000002fa20       0xf2 /Users/davidebucci/Desktop/Synchronized/Vintage/Computing/Atari/ST/brown/lib/gcc/m68k-atariextrabrowner-elf/10.2.0/../../../../m68k-atariextrabrowner-elf/lib/m68000/libc.a(access.o)
                0x000000000002fa20                _access
                0x000000000002fa20                ___access
 *fill*         0x000000000002fb12        0x2 4e714e71
 .text          0x000000000002fb14      0x142 /Users/davidebucci/Desktop/Synchronized/Vintage/Computing/Atari/ST/brown/lib/gcc/m68k-atariextrabrowner-elf/10.2.0/../../../../m68k-atariextrabrowner-elf/lib/m68000/libc.a(chmod.o)
                0x000000000002fb14                ___chmod
                0x000000000002fb14                _chmod
 *fill*         0x000000000002fc56        0x2 4e714e71
 .text          0x000000000002fc58       0x30 /Users/davidebucci/Desktop/Synchronized/Vintage/Computing/Atari/ST/brown/lib/gcc/m68k-atariextrabrowner-elf/10.2.0/../../../../m68k-atariextrabrowner-elf/lib/m68000/libc.a(getegid.o)
                0x000000000002fc58                _getegid
                0x000000000002fc58                ___getegid
 .text          0x000000000002fc88       0x30 /Users/davidebucci/Desktop/Synchronized/Vintage/Computing/Atari/ST/brown/lib/gcc/m68k-atariextrabrowner-elf/10.2.0/../../../../m68k-atariextrabrowner-elf/lib/m68000/libc.a(geteuid.o)
                0x000000000002fc88                ___geteuid
                0x000000000002fc88                _geteuid
 .text          0x000000000002fcb8       0x2c /Users/davidebucci/Desktop/Synchronized/Vintage/Computing/Atari/ST/brown/lib/gcc/m68k-atariextrabrowner-elf/10.2.0/../../../../m68k-atariextrabrowner-elf/lib/m68000/libc.a(getgid.o)
                0x000000000002fcb8                _getgid
                0x000000000002fcb8                ___getgid
 .text          0x000000000002fce4      0x134 /Users/davidebucci/Desktop/Synchronized/Vintage/Computing/Atari/ST/brown/lib/gcc/m68k-atariextrabrowner-elf/10.2.0/../../../../m68k-atariextrabrowner-elf/lib/m68000/libc.a(getgroups.o)
                0x000000000002fce4                ___getgroups
                0x000000000002fce4                _getgroups
 .text          0x000000000002fe18       0x2e /Users/davidebucci/Desktop/Synchronized/Vintage/Computing/Atari/ST/brown/lib/gcc/m68k-atariextrabrowner-elf/10.2.0/../../../../m68k-atariextrabrowner-elf/lib/m68000/libc.a(getpid.o)
                0x000000000002fe18                _getpid
                0x000000000002fe18                ___getpid
 *fill*         0x000000000002fe46        0x2 4e714e71
 .text          0x000000000002fe48       0x26 /Users/davidebucci/Desktop/Synchronized/Vintage/Computing/Atari/ST/brown/lib/gcc/m68k-atariextrabrowner-elf/10.2.0/../../../../m68k-atariextrabrowner-elf/lib/m68000/libc.a(getuid.o)
                0x000000000002fe48                _getuid
                0x000000000002fe48                ___getuid
 *fill*         0x000000000002fe6e        0x2 4e714e71
 .text          0x000000000002fe70      0x67a /Users/davidebucci/Desktop/Synchronized/Vintage/Computing/Atari/ST/brown/lib/gcc/m68k-atariextrabrowner-elf/10.2.0/../../../../m68k-atariextrabrowner-elf/lib/m68000/libc.a(ioctl.o)
                0x000000000002fe70                ___ioctl
                0x000000000002fe70                _ioctl
 *fill*         0x00000000000304ea        0x2 4e714e71
 .text          0x00000000000304ec      0x126 /Users/davidebucci/Desktop/Synchronized/Vintage/Computing/Atari/ST/brown/lib/gcc/m68k-atariextrabrowner-elf/10.2.0/../../../../m68k-atariextrabrowner-elf/lib/m68000/libc.a(kill.o)
                0x00000000000304ec                ___kill
                0x00000000000304ec                _kill
 *fill*         0x0000000000030612        0x2 4e714e71
 .text          0x0000000000030614       0x3a /Users/davidebucci/Desktop/Synchronized/Vintage/Computing/Atari/ST/brown/lib/gcc/m68k-atariextrabrowner-elf/10.2.0/../../../../m68k-atariextrabrowner-elf/lib/m68000/libc.a(time.o)
                0x0000000000030614                ___time
                0x0000000000030614                _time
 *fill*         0x000000000003064e        0x2 4e714e71
 .text          0x0000000000030650        0x0 /Users/davidebucci/Desktop/Synchronized/Vintage/Computing/Atari/ST/brown/lib/gcc/m68k-atariextrabrowner-elf/10.2.0/../../../../m68k-atariextrabrowner-elf/lib/m68000/libc.a(abort.o)
 .text          0x0000000000030650        0x0 /Users/davidebucci/Desktop/Synchronized/Vintage/Computing/Atari/ST/brown/lib/gcc/m68k-atariextrabrowner-elf/10.2.0/../../../../m68k-atariextrabrowner-elf/lib/m68000/libc.a(alglobal.o)
 .text          0x0000000000030650       0x3e /Users/davidebucci/Desktop/Synchronized/Vintage/Computing/Atari/ST/brown/lib/gcc/m68k-atariextrabrowner-elf/10.2.0/../../../../m68k-atariextrabrowner-elf/lib/m68000/libc.a(calloc.o)
                0x0000000000030650                _calloc
                0x0000000000030650                ___calloc
 *fill*         0x000000000003068e        0x2 4e714e71
 .text          0x0000000000030690      0x7d2 /Users/davidebucci/Desktop/Synchronized/Vintage/Computing/Atari/ST/brown/lib/gcc/m68k-atariextrabrowner-elf/10.2.0/../../../../m68k-atariextrabrowner-elf/lib/m68000/libc.a(do_stat.o)
                0x0000000000030690                ___sys_stat
                0x00000000000307dc                ___do_stat
 *fill*         0x0000000000030e62        0x2 4e714e71
 .text          0x0000000000030e64        0x0 /Users/davidebucci/Desktop/Synchronized/Vintage/Computing/Atari/ST/brown/lib/gcc/m68k-atariextrabrowner-elf/10.2.0/../../../../m68k-atariextrabrowner-elf/lib/m68000/libc.a(uidgid.o)
 .text          0x0000000000030e64       0x38 /Users/davidebucci/Desktop/Synchronized/Vintage/Computing/Atari/ST/brown/lib/gcc/m68k-atariextrabrowner-elf/10.2.0/../../../../m68k-atariextrabrowner-elf/lib/m68000/libc.a(getpwuid.o)
                0x0000000000030e64                _getpwuid
 .text          0x0000000000030e9c       0x92 /Users/davidebucci/Desktop/Synchronized/Vintage/Computing/Atari/ST/brown/lib/gcc/m68k-atariextrabrowner-elf/10.2.0/../../../../m68k-atariextrabrowner-elf/lib/m68000/libc.a(getpwuid_r.o)
                0x0000000000030e9c                _getpwuid_r
                0x0000000000030e9c                ___getpwuid_r
 *fill*         0x0000000000030f2e        0x2 4e714e71
 .text          0x0000000000030f30      0x452 /Users/davidebucci/Desktop/Synchronized/Vintage/Computing/Atari/ST/brown/lib/gcc/m68k-atariextrabrowner-elf/10.2.0/../../../../m68k-atariextrabrowner-elf/lib/m68000/libc.a(grp.o)
                0x0000000000031114                _setgrent
                0x0000000000031144                _endgrent
                0x000000000003115e                _getgrent
                0x00000000000311b2                _getgrgid
                0x0000000000031272                _getgrnam
                0x000000000003134e                _fgetgrent
 *fill*         0x0000000000031382        0x2 4e714e71
 .text          0x0000000000031384       0x2a /Users/davidebucci/Desktop/Synchronized/Vintage/Computing/Atari/ST/brown/lib/gcc/m68k-atariextrabrowner-elf/10.2.0/../../../../m68k-atariextrabrowner-elf/lib/m68000/libc.a(rewind.o)
                0x0000000000031384                _rewind
 *fill*         0x00000000000313ae        0x2 4e714e71
 .text          0x00000000000313b0      0x1b6 /Users/davidebucci/Desktop/Synchronized/Vintage/Computing/Atari/ST/brown/lib/gcc/m68k-atariextrabrowner-elf/10.2.0/../../../../m68k-atariextrabrowner-elf/lib/m68000/libc.a(asctime.o)
                0x00000000000313b0                _asctime_r
                0x0000000000031554                _asctime
 *fill*         0x0000000000031566        0x2 4e714e71
 .text          0x0000000000031568     0x1506 /Users/davidebucci/Desktop/Synchronized/Vintage/Computing/Atari/ST/brown/lib/gcc/m68k-atariextrabrowner-elf/10.2.0/../../../../m68k-atariextrabrowner-elf/lib/m68000/libc.a(strftime.o)
                0x0000000000032922                _strftime
 *fill*         0x0000000000032a6e        0x2 4e714e71
 .text          0x0000000000032a70      0x114 /Users/davidebucci/Desktop/Synchronized/Vintage/Computing/Atari/ST/brown/lib/gcc/m68k-atariextrabrowner-elf/10.2.0/../../../../m68k-atariextrabrowner-elf/lib/m68000/libc.a(gettimeofday.o)
                0x0000000000032a70                ___gettimeofday
                0x0000000000032a70                _gettimeofday
 .text          0x0000000000032b84        0x8 /Users/davidebucci/Desktop/Synchronized/Vintage/Computing/Atari/ST/brown/lib/gcc/m68k-atariextrabrowner-elf/10.2.0/../../../../m68k-atariextrabrowner-elf/lib/m68000/libc.a(setlocale.o)
                0x0000000000032b84                _setlocale
 .text          0x0000000000032b8c      0x428 /Users/davidebucci/Desktop/Synchronized/Vintage/Computing/Atari/ST/brown/lib/gcc/m68k-atariextrabrowner-elf/10.2.0/../../../../m68k-atariextrabrowner-elf/lib/m68000/libc.a(fgetpwent_r.o)
                0x0000000000032b8c                ___fgetpwent_r
                0x0000000000032b8c                _fgetpwent_r
 .text          0x0000000000032fb4        0xc /Users/davidebucci/Desktop/Synchronized/Vintage/Computing/Atari/ST/brown/lib/gcc/m68k-atariextrabrowner-elf/10.2.0/../../../../m68k-atariextrabrowner-elf/lib/m68000/libc.a(clearerr.o)
                0x0000000000032fb4                _clearerr
                0x0000000000032fb4                _clearerr_unlocked
 .text          0x0000000000032fc0       0x1e /Users/davidebucci/Desktop/Synchronized/Vintage/Computing/Atari/ST/brown/lib/gcc/m68k-atariextrabrowner-elf/10.2.0/../../../../m68k-atariextrabrowner-elf/lib/m68000/libc.a(fprintf.o)
                0x0000000000032fc0                _fprintf
 *fill*         0x0000000000032fde        0x2 4e714e71
 .text          0x0000000000032fe0       0xa2 /Users/davidebucci/Desktop/Synchronized/Vintage/Computing/Atari/ST/brown/lib/gcc/m68k-atariextrabrowner-elf/10.2.0/../../../../m68k-atariextrabrowner-elf/lib/m68000/libc.a(fputc.o)
                0x0000000000032fe0                _fputc
                0x0000000000032fe0                _fputc_unlocked
 *fill*         0x0000000000033082        0x2 4e714e71
 .text          0x0000000000033084      0x192 /Users/davidebucci/Desktop/Synchronized/Vintage/Computing/Atari/ST/brown/lib/gcc/m68k-atariextrabrowner-elf/10.2.0/../../../../m68k-atariextrabrowner-elf/lib/m68000/libc.a(fseek.o)
                0x0000000000033084                _fseek
                0x0000000000033212                _fseeko
 *fill*         0x0000000000033216        0x2 4e714e71
 .text          0x0000000000033218      0x38a /Users/davidebucci/Desktop/Synchronized/Vintage/Computing/Atari/ST/brown/lib/gcc/m68k-atariextrabrowner-elf/10.2.0/../../../../m68k-atariextrabrowner-elf/lib/m68000/libc.a(fwrite.o)
                0x0000000000033218                _fwrite_unlocked
                0x0000000000033218                _fwrite
 *fill*         0x00000000000335a2        0x2 4e714e71
 .text          0x00000000000335a4       0x1e /Users/davidebucci/Desktop/Synchronized/Vintage/Computing/Atari/ST/brown/lib/gcc/m68k-atariextrabrowner-elf/10.2.0/../../../../m68k-atariextrabrowner-elf/lib/m68000/libc.a(sprintf.o)
                0x00000000000335a4                _sprintf
 *fill*         0x00000000000335c2        0x2 4e714e71
 .text          0x00000000000335c4       0xc8 /Users/davidebucci/Desktop/Synchronized/Vintage/Computing/Atari/ST/brown/lib/gcc/m68k-atariextrabrowner-elf/10.2.0/../../../../m68k-atariextrabrowner-elf/lib/m68000/libc.a(ungetc.o)
                0x00000000000335c4                _ungetc
 .text          0x000000000003368c     0x3e52 /Users/davidebucci/Desktop/Synchronized/Vintage/Computing/Atari/ST/brown/lib/gcc/m68k-atariextrabrowner-elf/10.2.0/../../../../m68k-atariextrabrowner-elf/lib/m68000/libc.a(vfprintf.o)
                0x0000000000033bde                ___printf_pad
                0x0000000000033c5e                _vfprintf
 *fill*         0x00000000000374de        0x2 4e714e71
 .text          0x00000000000374e0       0x6c /Users/davidebucci/Desktop/Synchronized/Vintage/Computing/Atari/ST/brown/lib/gcc/m68k-atariextrabrowner-elf/10.2.0/../../../../m68k-atariextrabrowner-elf/lib/m68000/libc.a(vsprintf.o)
                0x00000000000374e0                _vsprintf
 .text          0x000000000003754c       0x26 /Users/davidebucci/Desktop/Synchronized/Vintage/Computing/Atari/ST/brown/lib/gcc/m68k-atariextrabrowner-elf/10.2.0/../../../../m68k-atariextrabrowner-elf/lib/m68000/libc.a(memchr.o)
                0x000000000003754c                _memchr
 *fill*         0x0000000000037572        0x2 4e714e71
 .text          0x0000000000037574       0x20 /Users/davidebucci/Desktop/Synchronized/Vintage/Computing/Atari/ST/brown/lib/gcc/m68k-atariextrabrowner-elf/10.2.0/../../../../m68k-atariextrabrowner-elf/lib/m68000/libc.a(mempcpy.o)
                0x0000000000037574                ___mempcpy
                0x0000000000037574                _mempcpy
 .text          0x0000000000037594       0x12 /Users/davidebucci/Desktop/Synchronized/Vintage/Computing/Atari/ST/brown/lib/gcc/m68k-atariextrabrowner-elf/10.2.0/../../../../m68k-atariextrabrowner-elf/lib/m68000/libc.a(strcpy.o)
                0x0000000000037594                _strcpy
 *fill*         0x00000000000375a6        0x2 4e714e71
 .text          0x00000000000375a8       0x5c /Users/davidebucci/Desktop/Synchronized/Vintage/Computing/Atari/ST/brown/lib/gcc/m68k-atariextrabrowner-elf/10.2.0/../../../../m68k-atariextrabrowner-elf/lib/m68000/libc.a(strerror_r.o)
                0x00000000000375a8                _strerror_r
                0x00000000000375a8                ___strerror_r
 .text          0x0000000000037604       0x30 /Users/davidebucci/Desktop/Synchronized/Vintage/Computing/Atari/ST/brown/lib/gcc/m68k-atariextrabrowner-elf/10.2.0/../../../../m68k-atariextrabrowner-elf/lib/m68000/libc.a(strnlen.o)
                0x0000000000037604                _strnlen
                0x0000000000037604                ___strnlen
 .text          0x0000000000037634      0x6b8 /Users/davidebucci/Desktop/Synchronized/Vintage/Computing/Atari/ST/brown/lib/gcc/m68k-atariextrabrowner-elf/10.2.0/../../../../m68k-atariextrabrowner-elf/lib/m68000/libc.a(_itoa.o)
                0x0000000000037634                __itoa
 .text          0x0000000000037cec        0x8 /Users/davidebucci/Desktop/Synchronized/Vintage/Computing/Atari/ST/brown/lib/gcc/m68k-atariextrabrowner-elf/10.2.0/../../../../m68k-atariextrabrowner-elf/lib/m68000/libc.a(lockfile.o)
                0x0000000000037cec                ___internal_flockfile
                0x0000000000037cec                _flockfile
                0x0000000000037cec                ___flockfile
                0x0000000000037cee                ___funlockfile
                0x0000000000037cee                ___internal_funlockfile
                0x0000000000037cee                _funlockfile
                0x0000000000037cf0                _ftrylockfile
                0x0000000000037cf0                ___internal_ftrylockfile
                0x0000000000037cf0                ___ftrylockfile
 .text          0x0000000000037cf4     0x1a44 /Users/davidebucci/Desktop/Synchronized/Vintage/Computing/Atari/ST/brown/lib/gcc/m68k-atariextrabrowner-elf/10.2.0/../../../../m68k-atariextrabrowner-elf/lib/m68000/libc.a(printf_fp.o)
                0x0000000000037e40                ___printf_fp
                0x00000000000396ec                ___guess_grouping
 .text          0x0000000000039738      0xca8 /Users/davidebucci/Desktop/Synchronized/Vintage/Computing/Atari/ST/brown/lib/gcc/m68k-atariextrabrowner-elf/10.2.0/../../../../m68k-atariextrabrowner-elf/lib/m68000/libc.a(printf_fphex.o)
                0x0000000000039738                ___printf_fphex
 .text          0x000000000003a3e0       0x42 /Users/davidebucci/Desktop/Synchronized/Vintage/Computing/Atari/ST/brown/lib/gcc/m68k-atariextrabrowner-elf/10.2.0/../../../../m68k-atariextrabrowner-elf/lib/m68000/libc.a(reg-printf.o)
                0x000000000003a3e0                _register_printf_function
                0x000000000003a3e0                ___register_printf_function
 *fill*         0x000000000003a422        0x2 4e714e71
 .text          0x000000000003a424        0x0 /Users/davidebucci/Desktop/Synchronized/Vintage/Computing/Atari/ST/brown/lib/gcc/m68k-atariextrabrowner-elf/10.2.0/../../../../m68k-atariextrabrowner-elf/lib/m68000/libc.a(fpioconst.o)
 .text          0x000000000003a424      0x13a /Users/davidebucci/Desktop/Synchronized/Vintage/Computing/Atari/ST/brown/lib/gcc/m68k-atariextrabrowner-elf/10.2.0/../../../../m68k-atariextrabrowner-elf/lib/m68000/libc.a(strerror.o)
                0x000000000003a424                _strerror
 *fill*         0x000000000003a55e        0x2 4e714e71
 .text          0x000000000003a560      0x1dc /Users/davidebucci/Desktop/Synchronized/Vintage/Computing/Atari/ST/brown/lib/gcc/m68k-atariextrabrowner-elf/10.2.0/../../../../m68k-atariextrabrowner-elf/lib/m68000/libc.a(dbl2mpn.o)
                0x000000000003a560                ___mpn_extract_double
 .text          0x000000000003a73c      0x200 /Users/davidebucci/Desktop/Synchronized/Vintage/Computing/Atari/ST/brown/lib/gcc/m68k-atariextrabrowner-elf/10.2.0/../../../../m68k-atariextrabrowner-elf/lib/m68000/libc.a(ldbl2mpn.o)
                0x000000000003a73c                ___mpn_extract_long_double
 .text          0x000000000003a93c        0x0 /Users/davidebucci/Desktop/Synchronized/Vintage/Computing/Atari/ST/brown/lib/gcc/m68k-atariextrabrowner-elf/10.2.0/../../../../m68k-atariextrabrowner-elf/lib/m68000/libc.a(mp_clz_tab.o)
 .text          0x000000000003a93c       0x42 /Users/davidebucci/Desktop/Synchronized/Vintage/Computing/Atari/ST/brown/lib/gcc/m68k-atariextrabrowner-elf/10.2.0/../../../../m68k-atariextrabrowner-elf/lib/m68000/libc.a(mpn-cmp.o)
                0x000000000003a93c                ___mpn_cmp
 *fill*         0x000000000003a97e        0x2 4e714e71
 .text          0x000000000003a980      0x782 /Users/davidebucci/Desktop/Synchronized/Vintage/Computing/Atari/ST/brown/lib/gcc/m68k-atariextrabrowner-elf/10.2.0/../../../../m68k-atariextrabrowner-elf/lib/m68000/libc.a(mpn-divrem.o)
                0x000000000003a980                ___mpn_divrem
 *fill*         0x000000000003b102        0x2 4e714e71
 .text          0x000000000003b104       0x5c /Users/davidebucci/Desktop/Synchronized/Vintage/Computing/Atari/ST/brown/lib/gcc/m68k-atariextrabrowner-elf/10.2.0/../../../../m68k-atariextrabrowner-elf/lib/m68000/libc.a(mpn-lshift.o)
                0x000000000003b104                ___mpn_lshift
 .text          0x000000000003b160      0x2ce /Users/davidebucci/Desktop/Synchronized/Vintage/Computing/Atari/ST/brown/lib/gcc/m68k-atariextrabrowner-elf/10.2.0/../../../../m68k-atariextrabrowner-elf/lib/m68000/libc.a(mpn-mul.o)
                0x000000000003b160                ___mpn_mul
 *fill*         0x000000000003b42e        0x2 4e714e71
 .text          0x000000000003b430       0x6a /Users/davidebucci/Desktop/Synchronized/Vintage/Computing/Atari/ST/brown/lib/gcc/m68k-atariextrabrowner-elf/10.2.0/../../../../m68k-atariextrabrowner-elf/lib/m68000/libc.a(mpn-mul_1.o)
                0x000000000003b430                ___mpn_mul_1
 *fill*         0x000000000003b49a        0x2 4e714e71
 .text          0x000000000003b49c      0x982 /Users/davidebucci/Desktop/Synchronized/Vintage/Computing/Atari/ST/brown/lib/gcc/m68k-atariextrabrowner-elf/10.2.0/../../../../m68k-atariextrabrowner-elf/lib/m68000/libc.a(mpn-mul_n.o)
                0x000000000003b49c                ___mpn_impn_mul_n_basecase
                0x000000000003b598                ___mpn_impn_mul_n
                0x000000000003b93c                ___mpn_impn_sqr_n_basecase
                0x000000000003ba32                ___mpn_impn_sqr_n
                0x000000000003bd8a                ___mpn_mul_n
 *fill*         0x000000000003be1e        0x2 4e714e71
 .text          0x000000000003be20       0x54 /Users/davidebucci/Desktop/Synchronized/Vintage/Computing/Atari/ST/brown/lib/gcc/m68k-atariextrabrowner-elf/10.2.0/../../../../m68k-atariextrabrowner-elf/lib/m68000/libc.a(mpn-rshift.o)
                0x000000000003be20                ___mpn_rshift
 .text          0x000000000003be74       0x54 /Users/davidebucci/Desktop/Synchronized/Vintage/Computing/Atari/ST/brown/lib/gcc/m68k-atariextrabrowner-elf/10.2.0/../../../../m68k-atariextrabrowner-elf/lib/m68000/libc.a(mpn-sub_n.o)
                0x000000000003be74                ___mpn_sub_n
 .text          0x000000000003bec8       0x7a /Users/davidebucci/Desktop/Synchronized/Vintage/Computing/Atari/ST/brown/lib/gcc/m68k-atariextrabrowner-elf/10.2.0/../../../../m68k-atariextrabrowner-elf/lib/m68000/libc.a(mpn-submul_1.o)
                0x000000000003bec8                ___mpn_submul_1
 *fill*         0x000000000003bf42        0x2 4e714e71
 .text          0x000000000003bf44       0x2e /Users/davidebucci/Desktop/Synchronized/Vintage/Computing/Atari/ST/brown/lib/gcc/m68k-atariextrabrowner-elf/10.2.0/../../../../m68k-atariextrabrowner-elf/lib/m68000/libc.a(s_isinf.o)
                0x000000000003bf44                _isinf
                0x000000000003bf44                ___isinf
 *fill*         0x000000000003bf72        0x2 4e714e71
 .text          0x000000000003bf74       0x72 /Users/davidebucci/Desktop/Synchronized/Vintage/Computing/Atari/ST/brown/lib/gcc/m68k-atariextrabrowner-elf/10.2.0/../../../../m68k-atariextrabrowner-elf/lib/m68000/libc.a(s_isinfl.o)
                0x000000000003bf74                ___isinfl
                0x000000000003bf74                _isinfl
 *fill*         0x000000000003bfe6        0x2 4e714e71
 .text          0x000000000003bfe8       0x28 /Users/davidebucci/Desktop/Synchronized/Vintage/Computing/Atari/ST/brown/lib/gcc/m68k-atariextrabrowner-elf/10.2.0/../../../../m68k-atariextrabrowner-elf/lib/m68000/libc.a(s_isnan.o)
                0x000000000003bfe8                _isnan
                0x000000000003bfe8                ___isnan
 .text          0x000000000003c010       0x6e /Users/davidebucci/Desktop/Synchronized/Vintage/Computing/Atari/ST/brown/lib/gcc/m68k-atariextrabrowner-elf/10.2.0/../../../../m68k-atariextrabrowner-elf/lib/m68000/libc.a(s_isnanl.o)
                0x000000000003c010                ___isnanl
                0x000000000003c010                _isnanl
 *fill*         0x000000000003c07e        0x2 4e714e71
 .text          0x000000000003c080        0xc /Users/davidebucci/Desktop/Synchronized/Vintage/Computing/Atari/ST/brown/lib/gcc/m68k-atariextrabrowner-elf/10.2.0/../../../../m68k-atariextrabrowner-elf/lib/m68000/libc.a(s_signbit.o)
                0x000000000003c080                ___signbit
                0x000000000003c080                _signbit
 .text          0x000000000003c08c       0x22 /Users/davidebucci/Desktop/Synchronized/Vintage/Computing/Atari/ST/brown/lib/gcc/m68k-atariextrabrowner-elf/10.2.0/../../../../m68k-atariextrabrowner-elf/lib/m68000/libc.a(s_signbitl.o)
                0x000000000003c08c                ___signbitl
                0x000000000003c08c                _signbitl
 *fill*         0x000000000003c0ae        0x2 4e714e71
 .text          0x000000000003c0b0       0x22 /Users/davidebucci/Desktop/Synchronized/Vintage/Computing/Atari/ST/brown/lib/gcc/m68k-atariextrabrowner-elf/10.2.0/../../../../m68k-atariextrabrowner-elf/lib/m68000/libc.a(snprintf.o)
                0x000000000003c0b0                ___snprintf
                0x000000000003c0b0                _snprintf
 *fill*         0x000000000003c0d2        0x2 4e714e71
 .text          0x000000000003c0d4       0xc2 /Users/davidebucci/Desktop/Synchronized/Vintage/Computing/Atari/ST/brown/lib/gcc/m68k-atariextrabrowner-elf/10.2.0/../../../../m68k-atariextrabrowner-elf/lib/m68000/libc.a(vsnprintf.o)
                0x000000000003c0ec                _vsnprintf
                0x000000000003c0ec                ___vsnprintf
 *fill*         0x000000000003c196        0x2 4e714e71
 .text          0x000000000003c198       0x52 /Users/davidebucci/Desktop/Synchronized/Vintage/Computing/Atari/ST/brown/lib/gcc/m68k-atariextrabrowner-elf/10.2.0/../../../../m68k-atariextrabrowner-elf/lib/m68000/libc.a(mpn-add_n.o)
                0x000000000003c198                ___mpn_add_n
 *fill*         0x000000000003c1ea        0x2 4e714e71
 .text          0x000000000003c1ec       0x78 /Users/davidebucci/Desktop/Synchronized/Vintage/Computing/Atari/ST/brown/lib/gcc/m68k-atariextrabrowner-elf/10.2.0/../../../../m68k-atariextrabrowner-elf/lib/m68000/libc.a(mpn-addmul_1.o)
                0x000000000003c1ec                ___mpn_addmul_1
 .text          0x000000000003c264       0x7e /Users/davidebucci/Desktop/Synchronized/Vintage/Computing/Atari/ST/brown/lib/gcc/m68k-atariextrabrowner-elf/10.2.0/../../../../m68k-atariextrabrowner-elf/lib/m68000/libc.a(fputs.o)
                0x000000000003c264                _fputs
                0x000000000003c264                _fputs_unlocked
 *fill*         0x000000000003c2e2        0x2 4e714e71
 .text          0x000000000003c2e4       0x22 /Users/davidebucci/Desktop/Synchronized/Vintage/Computing/Atari/ST/brown//lib/gcc/m68k-atariextrabrowner-elf/10.2.0/m68000/libgcc.a(_mulsi3.o)
                0x000000000003c2e4                ___mulsi3
 *fill*         0x000000000003c306        0x2 4e714e71
 .text          0x000000000003c308       0x5c /Users/davidebucci/Desktop/Synchronized/Vintage/Computing/Atari/ST/brown//lib/gcc/m68k-atariextrabrowner-elf/10.2.0/m68000/libgcc.a(_udivsi3.o)
                0x000000000003c308                ___udivsi3
 .text          0x000000000003c364       0x2e /Users/davidebucci/Desktop/Synchronized/Vintage/Computing/Atari/ST/brown//lib/gcc/m68k-atariextrabrowner-elf/10.2.0/m68000/libgcc.a(_divsi3.o)
                0x000000000003c364                ___divsi3
 *fill*         0x000000000003c392        0x2 4e714e71
 .text          0x000000000003c394       0x2e /Users/davidebucci/Desktop/Synchronized/Vintage/Computing/Atari/ST/brown//lib/gcc/m68k-atariextrabrowner-elf/10.2.0/m68000/libgcc.a(_umodsi3.o)
                0x000000000003c394                ___umodsi3
 *fill*         0x000000000003c3c2        0x2 4e714e71
 .text          0x000000000003c3c4       0x2e /Users/davidebucci/Desktop/Synchronized/Vintage/Computing/Atari/ST/brown//lib/gcc/m68k-atariextrabrowner-elf/10.2.0/m68000/libgcc.a(_modsi3.o)
                0x000000000003c3c4                ___modsi3
 *fill*         0x000000000003c3f2        0x2 4e714e71
 .text          0x000000000003c3f4      0x9cc /Users/davidebucci/Desktop/Synchronized/Vintage/Computing/Atari/ST/brown//lib/gcc/m68k-atariextrabrowner-elf/10.2.0/m68000/libgcc.a(_double.o)
                0x000000000003c44e                ___subdf3
                0x000000000003c454                ___adddf3
                0x000000000003c7ea                ___muldf3
                0x000000000003c998                ___divdf3
                0x000000000003cc0c                ___negdf2
                0x000000000003cc6a                ___cmpdf2_internal
                0x000000000003cd3a                ___cmpdf2
 .text          0x000000000003cdc0       0x6a /Users/davidebucci/Desktop/Synchronized/Vintage/Computing/Atari/ST/brown//lib/gcc/m68k-atariextrabrowner-elf/10.2.0/m68000/libgcc.a(_floatex.o)
                0x000000000003cdc0                ___clear_sticky_bit
                0x000000000003cdce                $_exception_handler
 *fill*         0x000000000003ce2a        0x2 4e714e71
 .text          0x000000000003ce2c       0x22 /Users/davidebucci/Desktop/Synchronized/Vintage/Computing/Atari/ST/brown//lib/gcc/m68k-atariextrabrowner-elf/10.2.0/m68000/libgcc.a(_ltdf2.o)
                0x000000000003ce2c                ___ltdf2
 *fill*         0x000000000003ce4e        0x2 4e714e71
 .text          0x000000000003ce50      0x530 /Users/davidebucci/Desktop/Synchronized/Vintage/Computing/Atari/ST/brown//lib/gcc/m68k-atariextrabrowner-elf/10.2.0/m68000/libgcc.a(fpgnulib.o)
                0x000000000003cefe                ___unordsf2
                0x000000000003cf54                ___unorddf2
                0x000000000003cfc4                ___floatunsidf
                0x000000000003d03a                ___floatsidf
                0x000000000003d04a                ___floatunsisf
                0x000000000003d0c4                ___floatsisf
                0x000000000003d0e0                ___extendsfdf2
                0x000000000003d154                ___truncdfsf2
                0x000000000003d25c                ___fixdfsi
                0x000000000003d2ec                ___fixsfsi
 .text          0x000000000003d380      0x912 /Users/davidebucci/Desktop/Synchronized/Vintage/Computing/Atari/ST/brown//lib/gcc/m68k-atariextrabrowner-elf/10.2.0/m68000/libgcc.a(xfgnulib.o)
                0x000000000003d380                ___unordxf2
                0x000000000003d454                ___extenddfxf2
                0x000000000003d506                ___truncxfdf2
                0x000000000003d5ea                ___extendsfxf2
                0x000000000003d6a4                ___truncxfsf2
                0x000000000003d7a2                ___floatsixf
                0x000000000003d7e8                ___floatunsixf
                0x000000000003d82e                ___fixxfsi
                0x000000000003d850                ___addxf3
                0x000000000003d8c6                ___subxf3
                0x000000000003d93c                ___mulxf3
                0x000000000003d9b2                ___divxf3
                0x000000000003da28                ___negxf2
                0x000000000003da7e                ___cmpxf2
                0x000000000003daca                ___eqxf2
                0x000000000003db16                ___nexf2
                0x000000000003db62                ___ltxf2
                0x000000000003dbae                ___lexf2
                0x000000000003dbfa                ___gtxf2
                0x000000000003dc46                ___gexf2
 *fill*         0x000000000003dc92        0x2 4e714e71
 .text          0x000000000003dc94       0x24 /Users/davidebucci/Desktop/Synchronized/Vintage/Computing/Atari/ST/brown/lib/gcc/m68k-atariextrabrowner-elf/10.2.0/m68000/crtend.o
 *(.gnu.warning)

.fini           0x000000000003dcb8        0x6
 *(SORT_NONE(.fini))
 .fini          0x000000000003dcb8        0x6 /Users/davidebucci/Desktop/Synchronized/Vintage/Computing/Atari/ST/brown/lib/gcc/m68k-atariextrabrowner-elf/10.2.0/m68000/crtbegin.o
                [!provide]                        PROVIDE (__etext = .)
                0x000000000003dcbe                PROVIDE (_etext = .)
                [!provide]                        PROVIDE (etext = .)

.rodata         0x000000000003dcbe     0xe6f2
 *(.rodata .rodata.* .gnu.linkonce.r.*)
 .rodata.writesameln.constprop.0.str1.1
                0x000000000003dcbe      0xcb1 /var/folders/sk/pxzc9l1n12xfhw7mpgdgdkdc0000gn/T//tqf40.elf.kOuEog.ltrans0.ltrans.o
                                          0x2 (size before relaxing)
 .rodata.writesameln.constprop.1.str1.1
                0x000000000003dcbe      0xcb1 /var/folders/sk/pxzc9l1n12xfhw7mpgdgdkdc0000gn/T//tqf40.elf.kOuEog.ltrans0.ltrans.o
                                          0x2 (size before relaxing)
 .rodata.loadgame.constprop.0.str1.1
                0x000000000003dcbe       0x58 /var/folders/sk/pxzc9l1n12xfhw7mpgdgdkdc0000gn/T//tqf40.elf.kOuEog.ltrans0.ltrans.o
                                         0x5a (size before relaxing)
 .rodata.game_cycle.str1.1
                0x000000000003dd16       0x5c /var/folders/sk/pxzc9l1n12xfhw7mpgdgdkdc0000gn/T//tqf40.elf.kOuEog.ltrans0.ltrans.o
                                         0x5e (size before relaxing)
 .rodata.message1026
                0x000000000003dd72        0x4 /var/folders/sk/pxzc9l1n12xfhw7mpgdgdkdc0000gn/T//tqf40.elf.kOuEog.ltrans0.ltrans.o
 .rodata.message1025
                0x000000000003dd76        0x3 /var/folders/sk/pxzc9l1n12xfhw7mpgdgdkdc0000gn/T//tqf40.elf.kOuEog.ltrans0.ltrans.o
 .rodata.message1024
                0x000000000003dd79        0x4 /var/folders/sk/pxzc9l1n12xfhw7mpgdgdkdc0000gn/T//tqf40.elf.kOuEog.ltrans0.ltrans.o
 .rodata.message1023
                0x000000000003dd7d        0x3 /var/folders/sk/pxzc9l1n12xfhw7mpgdgdkdc0000gn/T//tqf40.elf.kOuEog.ltrans0.ltrans.o
 .rodata.message1022
                0x000000000003dd80        0x3 /var/folders/sk/pxzc9l1n12xfhw7mpgdgdkdc0000gn/T//tqf40.elf.kOuEog.ltrans0.ltrans.o
 .rodata.message1021
                0x000000000003dd83        0x3 /var/folders/sk/pxzc9l1n12xfhw7mpgdgdkdc0000gn/T//tqf40.elf.kOuEog.ltrans0.ltrans.o
 .rodata.desc_l512
                0x000000000003dd86        0xd /var/folders/sk/pxzc9l1n12xfhw7mpgdgdkdc0000gn/T//tqf40.elf.kOuEog.ltrans0.ltrans.o
 .rodata.desc_l511
                0x000000000003dd93        0xd /var/folders/sk/pxzc9l1n12xfhw7mpgdgdkdc0000gn/T//tqf40.elf.kOuEog.ltrans0.ltrans.o
 .rodata.desc_l510
                0x000000000003dda0       0x13 /var/folders/sk/pxzc9l1n12xfhw7mpgdgdkdc0000gn/T//tqf40.elf.kOuEog.ltrans0.ltrans.o
 .rodata.desc_l509
                0x000000000003ddb3        0xf /var/folders/sk/pxzc9l1n12xfhw7mpgdgdkdc0000gn/T//tqf40.elf.kOuEog.ltrans0.ltrans.o
 .rodata.desc_l508
                0x000000000003ddc2        0xb /var/folders/sk/pxzc9l1n12xfhw7mpgdgdkdc0000gn/T//tqf40.elf.kOuEog.ltrans0.ltrans.o
 .rodata.desc_l507
                0x000000000003ddcd        0x6 /var/folders/sk/pxzc9l1n12xfhw7mpgdgdkdc0000gn/T//tqf40.elf.kOuEog.ltrans0.ltrans.o
 .rodata.desc_l506
                0x000000000003ddd3        0xd /var/folders/sk/pxzc9l1n12xfhw7mpgdgdkdc0000gn/T//tqf40.elf.kOuEog.ltrans0.ltrans.o
 .rodata.desc_l505
                0x000000000003dde0        0x8 /var/folders/sk/pxzc9l1n12xfhw7mpgdgdkdc0000gn/T//tqf40.elf.kOuEog.ltrans0.ltrans.o
 .rodata.desc_l504
                0x000000000003dde8        0xf /var/folders/sk/pxzc9l1n12xfhw7mpgdgdkdc0000gn/T//tqf40.elf.kOuEog.ltrans0.ltrans.o
 .rodata.desc_l503
                0x000000000003ddf7        0xf /var/folders/sk/pxzc9l1n12xfhw7mpgdgdkdc0000gn/T//tqf40.elf.kOuEog.ltrans0.ltrans.o
 .rodata.desc_l502
                0x000000000003de06       0x17 /var/folders/sk/pxzc9l1n12xfhw7mpgdgdkdc0000gn/T//tqf40.elf.kOuEog.ltrans0.ltrans.o
 .rodata.desc_l501
                0x000000000003de1d        0xb /var/folders/sk/pxzc9l1n12xfhw7mpgdgdkdc0000gn/T//tqf40.elf.kOuEog.ltrans0.ltrans.o
 .rodata.desc_l500
                0x000000000003de28        0xa /var/folders/sk/pxzc9l1n12xfhw7mpgdgdkdc0000gn/T//tqf40.elf.kOuEog.ltrans0.ltrans.o
 .rodata.desc_l208
                0x000000000003de32       0x12 /var/folders/sk/pxzc9l1n12xfhw7mpgdgdkdc0000gn/T//tqf40.elf.kOuEog.ltrans0.ltrans.o
 .rodata.desc_l182
                0x000000000003de44       0x16 /var/folders/sk/pxzc9l1n12xfhw7mpgdgdkdc0000gn/T//tqf40.elf.kOuEog.ltrans0.ltrans.o
 .rodata.desc_l181
                0x000000000003de5a       0x10 /var/folders/sk/pxzc9l1n12xfhw7mpgdgdkdc0000gn/T//tqf40.elf.kOuEog.ltrans0.ltrans.o
 .rodata.desc_l180
                0x000000000003de6a        0xd /var/folders/sk/pxzc9l1n12xfhw7mpgdgdkdc0000gn/T//tqf40.elf.kOuEog.ltrans0.ltrans.o
 .rodata.desc_l179
                0x000000000003de77       0x15 /var/folders/sk/pxzc9l1n12xfhw7mpgdgdkdc0000gn/T//tqf40.elf.kOuEog.ltrans0.ltrans.o
 .rodata.desc_l178
                0x000000000003de8c       0x13 /var/folders/sk/pxzc9l1n12xfhw7mpgdgdkdc0000gn/T//tqf40.elf.kOuEog.ltrans0.ltrans.o
 .rodata.desc_l177
                0x000000000003de9f        0xe /var/folders/sk/pxzc9l1n12xfhw7mpgdgdkdc0000gn/T//tqf40.elf.kOuEog.ltrans0.ltrans.o
 .rodata.desc_l176
                0x000000000003dead        0xb /var/folders/sk/pxzc9l1n12xfhw7mpgdgdkdc0000gn/T//tqf40.elf.kOuEog.ltrans0.ltrans.o
 .rodata.desc_l175
                0x000000000003deb8        0xa /var/folders/sk/pxzc9l1n12xfhw7mpgdgdkdc0000gn/T//tqf40.elf.kOuEog.ltrans0.ltrans.o
 .rodata.desc_l174
                0x000000000003dec2       0x13 /var/folders/sk/pxzc9l1n12xfhw7mpgdgdkdc0000gn/T//tqf40.elf.kOuEog.ltrans0.ltrans.o
 .rodata.desc_l173
                0x000000000003ded5       0x10 /var/folders/sk/pxzc9l1n12xfhw7mpgdgdkdc0000gn/T//tqf40.elf.kOuEog.ltrans0.ltrans.o
 .rodata.desc_l172
                0x000000000003dee5       0x17 /var/folders/sk/pxzc9l1n12xfhw7mpgdgdkdc0000gn/T//tqf40.elf.kOuEog.ltrans0.ltrans.o
 .rodata.desc_l171
                0x000000000003defc       0x10 /var/folders/sk/pxzc9l1n12xfhw7mpgdgdkdc0000gn/T//tqf40.elf.kOuEog.ltrans0.ltrans.o
 .rodata.desc_l170
                0x000000000003df0c        0x7 /var/folders/sk/pxzc9l1n12xfhw7mpgdgdkdc0000gn/T//tqf40.elf.kOuEog.ltrans0.ltrans.o
 .rodata.desc_l105
                0x000000000003df13       0x11 /var/folders/sk/pxzc9l1n12xfhw7mpgdgdkdc0000gn/T//tqf40.elf.kOuEog.ltrans0.ltrans.o
 .rodata.desc_l49
                0x000000000003df24       0x10 /var/folders/sk/pxzc9l1n12xfhw7mpgdgdkdc0000gn/T//tqf40.elf.kOuEog.ltrans0.ltrans.o
 .rodata.desc_l48
                0x000000000003df34        0xc /var/folders/sk/pxzc9l1n12xfhw7mpgdgdkdc0000gn/T//tqf40.elf.kOuEog.ltrans0.ltrans.o
 .rodata.desc_l47
                0x000000000003df40        0xe /var/folders/sk/pxzc9l1n12xfhw7mpgdgdkdc0000gn/T//tqf40.elf.kOuEog.ltrans0.ltrans.o
 .rodata.desc_l46
                0x000000000003df4e        0xf /var/folders/sk/pxzc9l1n12xfhw7mpgdgdkdc0000gn/T//tqf40.elf.kOuEog.ltrans0.ltrans.o
 .rodata.desc_l45
                0x000000000003df5d        0xb /var/folders/sk/pxzc9l1n12xfhw7mpgdgdkdc0000gn/T//tqf40.elf.kOuEog.ltrans0.ltrans.o
 .rodata.desc_l44
                0x000000000003df68        0xb /var/folders/sk/pxzc9l1n12xfhw7mpgdgdkdc0000gn/T//tqf40.elf.kOuEog.ltrans0.ltrans.o
 .rodata.desc_l43
                0x000000000003df73        0x9 /var/folders/sk/pxzc9l1n12xfhw7mpgdgdkdc0000gn/T//tqf40.elf.kOuEog.ltrans0.ltrans.o
 .rodata.desc_l42
                0x000000000003df7c       0x16 /var/folders/sk/pxzc9l1n12xfhw7mpgdgdkdc0000gn/T//tqf40.elf.kOuEog.ltrans0.ltrans.o
 .rodata.desc_l41
                0x000000000003df92        0xf /var/folders/sk/pxzc9l1n12xfhw7mpgdgdkdc0000gn/T//tqf40.elf.kOuEog.ltrans0.ltrans.o
 .rodata.desc_l40
                0x000000000003dfa1        0xa /var/folders/sk/pxzc9l1n12xfhw7mpgdgdkdc0000gn/T//tqf40.elf.kOuEog.ltrans0.ltrans.o
 .rodata.desc_l38
                0x000000000003dfab        0xf /var/folders/sk/pxzc9l1n12xfhw7mpgdgdkdc0000gn/T//tqf40.elf.kOuEog.ltrans0.ltrans.o
 .rodata.desc_l37
                0x000000000003dfba        0xb /var/folders/sk/pxzc9l1n12xfhw7mpgdgdkdc0000gn/T//tqf40.elf.kOuEog.ltrans0.ltrans.o
 .rodata.desc_l36
                0x000000000003dfc5        0xf /var/folders/sk/pxzc9l1n12xfhw7mpgdgdkdc0000gn/T//tqf40.elf.kOuEog.ltrans0.ltrans.o
 .rodata.desc_l35
                0x000000000003dfd4        0xc /var/folders/sk/pxzc9l1n12xfhw7mpgdgdkdc0000gn/T//tqf40.elf.kOuEog.ltrans0.ltrans.o
 .rodata.desc_l34
                0x000000000003dfe0        0xf /var/folders/sk/pxzc9l1n12xfhw7mpgdgdkdc0000gn/T//tqf40.elf.kOuEog.ltrans0.ltrans.o
 .rodata.desc_l33
                0x000000000003dfef        0xb /var/folders/sk/pxzc9l1n12xfhw7mpgdgdkdc0000gn/T//tqf40.elf.kOuEog.ltrans0.ltrans.o
 .rodata.desc_l32
                0x000000000003dffa        0x9 /var/folders/sk/pxzc9l1n12xfhw7mpgdgdkdc0000gn/T//tqf40.elf.kOuEog.ltrans0.ltrans.o
 .rodata.short_d104
                0x000000000003e003        0x6 /var/folders/sk/pxzc9l1n12xfhw7mpgdgdkdc0000gn/T//tqf40.elf.kOuEog.ltrans0.ltrans.o
 .rodata.long_d104
                0x000000000003e009       0x7c /var/folders/sk/pxzc9l1n12xfhw7mpgdgdkdc0000gn/T//tqf40.elf.kOuEog.ltrans0.ltrans.o
 .rodata.short_d101
                0x000000000003e085        0x6 /var/folders/sk/pxzc9l1n12xfhw7mpgdgdkdc0000gn/T//tqf40.elf.kOuEog.ltrans0.ltrans.o
 .rodata.long_d101
                0x000000000003e08b      0x10b /var/folders/sk/pxzc9l1n12xfhw7mpgdgdkdc0000gn/T//tqf40.elf.kOuEog.ltrans0.ltrans.o
 .rodata.short_d100
                0x000000000003e196        0x9 /var/folders/sk/pxzc9l1n12xfhw7mpgdgdkdc0000gn/T//tqf40.elf.kOuEog.ltrans0.ltrans.o
 .rodata.long_d100
                0x000000000003e19f      0x222 /var/folders/sk/pxzc9l1n12xfhw7mpgdgdkdc0000gn/T//tqf40.elf.kOuEog.ltrans0.ltrans.o
 .rodata.short_d81
                0x000000000003e3c1        0xc /var/folders/sk/pxzc9l1n12xfhw7mpgdgdkdc0000gn/T//tqf40.elf.kOuEog.ltrans0.ltrans.o
 .rodata.long_d81
                0x000000000003e3cd       0x2e /var/folders/sk/pxzc9l1n12xfhw7mpgdgdkdc0000gn/T//tqf40.elf.kOuEog.ltrans0.ltrans.o
 .rodata.short_d80
                0x000000000003e3fb        0x7 /var/folders/sk/pxzc9l1n12xfhw7mpgdgdkdc0000gn/T//tqf40.elf.kOuEog.ltrans0.ltrans.o
 .rodata.long_d80
                0x000000000003e402       0x88 /var/folders/sk/pxzc9l1n12xfhw7mpgdgdkdc0000gn/T//tqf40.elf.kOuEog.ltrans0.ltrans.o
 .rodata.short_d79
                0x000000000003e48a        0xb /var/folders/sk/pxzc9l1n12xfhw7mpgdgdkdc0000gn/T//tqf40.elf.kOuEog.ltrans0.ltrans.o
 .rodata.long_d79
                0x000000000003e495       0x60 /var/folders/sk/pxzc9l1n12xfhw7mpgdgdkdc0000gn/T//tqf40.elf.kOuEog.ltrans0.ltrans.o
 .rodata.short_d78
                0x000000000003e4f5        0xb /var/folders/sk/pxzc9l1n12xfhw7mpgdgdkdc0000gn/T//tqf40.elf.kOuEog.ltrans0.ltrans.o
 .rodata.long_d78
                0x000000000003e500       0x39 /var/folders/sk/pxzc9l1n12xfhw7mpgdgdkdc0000gn/T//tqf40.elf.kOuEog.ltrans0.ltrans.o
 .rodata.short_d77
                0x000000000003e539        0xa /var/folders/sk/pxzc9l1n12xfhw7mpgdgdkdc0000gn/T//tqf40.elf.kOuEog.ltrans0.ltrans.o
 .rodata.long_d77
                0x000000000003e543       0x75 /var/folders/sk/pxzc9l1n12xfhw7mpgdgdkdc0000gn/T//tqf40.elf.kOuEog.ltrans0.ltrans.o
 .rodata.short_d76
                0x000000000003e5b8       0x10 /var/folders/sk/pxzc9l1n12xfhw7mpgdgdkdc0000gn/T//tqf40.elf.kOuEog.ltrans0.ltrans.o
 .rodata.long_d76
                0x000000000003e5c8       0x9b /var/folders/sk/pxzc9l1n12xfhw7mpgdgdkdc0000gn/T//tqf40.elf.kOuEog.ltrans0.ltrans.o
 .rodata.short_d75
                0x000000000003e663        0x7 /var/folders/sk/pxzc9l1n12xfhw7mpgdgdkdc0000gn/T//tqf40.elf.kOuEog.ltrans0.ltrans.o
 .rodata.long_d75
                0x000000000003e66a       0x1b /var/folders/sk/pxzc9l1n12xfhw7mpgdgdkdc0000gn/T//tqf40.elf.kOuEog.ltrans0.ltrans.o
 .rodata.short_d74
                0x000000000003e685        0xb /var/folders/sk/pxzc9l1n12xfhw7mpgdgdkdc0000gn/T//tqf40.elf.kOuEog.ltrans0.ltrans.o
 .rodata.long_d74
                0x000000000003e690       0x63 /var/folders/sk/pxzc9l1n12xfhw7mpgdgdkdc0000gn/T//tqf40.elf.kOuEog.ltrans0.ltrans.o
 .rodata.short_d73
                0x000000000003e6f3        0xe /var/folders/sk/pxzc9l1n12xfhw7mpgdgdkdc0000gn/T//tqf40.elf.kOuEog.ltrans0.ltrans.o
 .rodata.long_d73
                0x000000000003e701       0x34 /var/folders/sk/pxzc9l1n12xfhw7mpgdgdkdc0000gn/T//tqf40.elf.kOuEog.ltrans0.ltrans.o
 .rodata.short_d72
                0x000000000003e735        0x5 /var/folders/sk/pxzc9l1n12xfhw7mpgdgdkdc0000gn/T//tqf40.elf.kOuEog.ltrans0.ltrans.o
 .rodata.long_d72
                0x000000000003e73a       0x5e /var/folders/sk/pxzc9l1n12xfhw7mpgdgdkdc0000gn/T//tqf40.elf.kOuEog.ltrans0.ltrans.o
 .rodata.short_d71
                0x000000000003e798        0xb /var/folders/sk/pxzc9l1n12xfhw7mpgdgdkdc0000gn/T//tqf40.elf.kOuEog.ltrans0.ltrans.o
 .rodata.long_d71
                0x000000000003e7a3       0x43 /var/folders/sk/pxzc9l1n12xfhw7mpgdgdkdc0000gn/T//tqf40.elf.kOuEog.ltrans0.ltrans.o
 .rodata.short_d70
                0x000000000003e7e6        0x6 /var/folders/sk/pxzc9l1n12xfhw7mpgdgdkdc0000gn/T//tqf40.elf.kOuEog.ltrans0.ltrans.o
 .rodata.long_d70
                0x000000000003e7ec       0x91 /var/folders/sk/pxzc9l1n12xfhw7mpgdgdkdc0000gn/T//tqf40.elf.kOuEog.ltrans0.ltrans.o
 .rodata.short_d69
                0x000000000003e87d        0xa /var/folders/sk/pxzc9l1n12xfhw7mpgdgdkdc0000gn/T//tqf40.elf.kOuEog.ltrans0.ltrans.o
 .rodata.long_d69
                0x000000000003e887       0x58 /var/folders/sk/pxzc9l1n12xfhw7mpgdgdkdc0000gn/T//tqf40.elf.kOuEog.ltrans0.ltrans.o
 .rodata.short_d68
                0x000000000003e8df        0x4 /var/folders/sk/pxzc9l1n12xfhw7mpgdgdkdc0000gn/T//tqf40.elf.kOuEog.ltrans0.ltrans.o
 .rodata.long_d68
                0x000000000003e8e3       0x34 /var/folders/sk/pxzc9l1n12xfhw7mpgdgdkdc0000gn/T//tqf40.elf.kOuEog.ltrans0.ltrans.o
 .rodata.short_d67
                0x000000000003e917        0x7 /var/folders/sk/pxzc9l1n12xfhw7mpgdgdkdc0000gn/T//tqf40.elf.kOuEog.ltrans0.ltrans.o
 .rodata.long_d67
                0x000000000003e91e       0x1b /var/folders/sk/pxzc9l1n12xfhw7mpgdgdkdc0000gn/T//tqf40.elf.kOuEog.ltrans0.ltrans.o
 .rodata.short_d66
                0x000000000003e939        0x5 /var/folders/sk/pxzc9l1n12xfhw7mpgdgdkdc0000gn/T//tqf40.elf.kOuEog.ltrans0.ltrans.o
 .rodata.long_d66
                0x000000000003e93e       0x3b /var/folders/sk/pxzc9l1n12xfhw7mpgdgdkdc0000gn/T//tqf40.elf.kOuEog.ltrans0.ltrans.o
 .rodata.short_d65
                0x000000000003e979        0xa /var/folders/sk/pxzc9l1n12xfhw7mpgdgdkdc0000gn/T//tqf40.elf.kOuEog.ltrans0.ltrans.o
 .rodata.long_d65
                0x000000000003e983       0x3e /var/folders/sk/pxzc9l1n12xfhw7mpgdgdkdc0000gn/T//tqf40.elf.kOuEog.ltrans0.ltrans.o
 .rodata.short_d64
                0x000000000003e9c1        0xa /var/folders/sk/pxzc9l1n12xfhw7mpgdgdkdc0000gn/T//tqf40.elf.kOuEog.ltrans0.ltrans.o
 .rodata.long_d64
                0x000000000003e9cb       0x52 /var/folders/sk/pxzc9l1n12xfhw7mpgdgdkdc0000gn/T//tqf40.elf.kOuEog.ltrans0.ltrans.o
 .rodata.short_d63
                0x000000000003ea1d        0xa /var/folders/sk/pxzc9l1n12xfhw7mpgdgdkdc0000gn/T//tqf40.elf.kOuEog.ltrans0.ltrans.o
 .rodata.long_d63
                0x000000000003ea27       0x2a /var/folders/sk/pxzc9l1n12xfhw7mpgdgdkdc0000gn/T//tqf40.elf.kOuEog.ltrans0.ltrans.o
 .rodata.short_d62
                0x000000000003ea51        0xa /var/folders/sk/pxzc9l1n12xfhw7mpgdgdkdc0000gn/T//tqf40.elf.kOuEog.ltrans0.ltrans.o
 .rodata.long_d62
                0x000000000003ea5b       0x3f /var/folders/sk/pxzc9l1n12xfhw7mpgdgdkdc0000gn/T//tqf40.elf.kOuEog.ltrans0.ltrans.o
 .rodata.short_d61
                0x000000000003ea9a        0xa /var/folders/sk/pxzc9l1n12xfhw7mpgdgdkdc0000gn/T//tqf40.elf.kOuEog.ltrans0.ltrans.o
 .rodata.long_d61
                0x000000000003eaa4       0x89 /var/folders/sk/pxzc9l1n12xfhw7mpgdgdkdc0000gn/T//tqf40.elf.kOuEog.ltrans0.ltrans.o
 .rodata.short_d60
                0x000000000003eb2d        0x9 /var/folders/sk/pxzc9l1n12xfhw7mpgdgdkdc0000gn/T//tqf40.elf.kOuEog.ltrans0.ltrans.o
 .rodata.long_d60
                0x000000000003eb36       0x77 /var/folders/sk/pxzc9l1n12xfhw7mpgdgdkdc0000gn/T//tqf40.elf.kOuEog.ltrans0.ltrans.o
 .rodata.short_d47
                0x000000000003ebad        0xe /var/folders/sk/pxzc9l1n12xfhw7mpgdgdkdc0000gn/T//tqf40.elf.kOuEog.ltrans0.ltrans.o
 .rodata.long_d47
                0x000000000003ebbb       0x2a /var/folders/sk/pxzc9l1n12xfhw7mpgdgdkdc0000gn/T//tqf40.elf.kOuEog.ltrans0.ltrans.o
 .rodata.short_d46
                0x000000000003ebe5        0xe /var/folders/sk/pxzc9l1n12xfhw7mpgdgdkdc0000gn/T//tqf40.elf.kOuEog.ltrans0.ltrans.o
 .rodata.long_d46
                0x000000000003ebf3       0x57 /var/folders/sk/pxzc9l1n12xfhw7mpgdgdkdc0000gn/T//tqf40.elf.kOuEog.ltrans0.ltrans.o
 .rodata.short_d45
                0x000000000003ec4a       0x10 /var/folders/sk/pxzc9l1n12xfhw7mpgdgdkdc0000gn/T//tqf40.elf.kOuEog.ltrans0.ltrans.o
 .rodata.long_d45
                0x000000000003ec5a       0x7d /var/folders/sk/pxzc9l1n12xfhw7mpgdgdkdc0000gn/T//tqf40.elf.kOuEog.ltrans0.ltrans.o
 .rodata.short_d44
                0x000000000003ecd7       0x12 /var/folders/sk/pxzc9l1n12xfhw7mpgdgdkdc0000gn/T//tqf40.elf.kOuEog.ltrans0.ltrans.o
 .rodata.long_d44
                0x000000000003ece9       0x44 /var/folders/sk/pxzc9l1n12xfhw7mpgdgdkdc0000gn/T//tqf40.elf.kOuEog.ltrans0.ltrans.o
 .rodata.short_d43
                0x000000000003ed2d        0xf /var/folders/sk/pxzc9l1n12xfhw7mpgdgdkdc0000gn/T//tqf40.elf.kOuEog.ltrans0.ltrans.o
 .rodata.long_d43
                0x000000000003ed3c       0x60 /var/folders/sk/pxzc9l1n12xfhw7mpgdgdkdc0000gn/T//tqf40.elf.kOuEog.ltrans0.ltrans.o
 .rodata.short_d42
                0x000000000003ed9c        0xa /var/folders/sk/pxzc9l1n12xfhw7mpgdgdkdc0000gn/T//tqf40.elf.kOuEog.ltrans0.ltrans.o
 .rodata.long_d42
                0x000000000003eda6       0x81 /var/folders/sk/pxzc9l1n12xfhw7mpgdgdkdc0000gn/T//tqf40.elf.kOuEog.ltrans0.ltrans.o
 .rodata.short_d41
                0x000000000003ee27        0xb /var/folders/sk/pxzc9l1n12xfhw7mpgdgdkdc0000gn/T//tqf40.elf.kOuEog.ltrans0.ltrans.o
 .rodata.long_d41
                0x000000000003ee32       0xa6 /var/folders/sk/pxzc9l1n12xfhw7mpgdgdkdc0000gn/T//tqf40.elf.kOuEog.ltrans0.ltrans.o
 .rodata.short_d40
                0x000000000003eed8        0xb /var/folders/sk/pxzc9l1n12xfhw7mpgdgdkdc0000gn/T//tqf40.elf.kOuEog.ltrans0.ltrans.o
 .rodata.long_d40
                0x000000000003eee3       0x40 /var/folders/sk/pxzc9l1n12xfhw7mpgdgdkdc0000gn/T//tqf40.elf.kOuEog.ltrans0.ltrans.o
 .rodata.short_d39
                0x000000000003ef23        0xd /var/folders/sk/pxzc9l1n12xfhw7mpgdgdkdc0000gn/T//tqf40.elf.kOuEog.ltrans0.ltrans.o
 .rodata.long_d39
                0x000000000003ef30       0x3a /var/folders/sk/pxzc9l1n12xfhw7mpgdgdkdc0000gn/T//tqf40.elf.kOuEog.ltrans0.ltrans.o
 .rodata.short_d38
                0x000000000003ef6a        0x6 /var/folders/sk/pxzc9l1n12xfhw7mpgdgdkdc0000gn/T//tqf40.elf.kOuEog.ltrans0.ltrans.o
 .rodata.long_d38
                0x000000000003ef70       0x5e /var/folders/sk/pxzc9l1n12xfhw7mpgdgdkdc0000gn/T//tqf40.elf.kOuEog.ltrans0.ltrans.o
 .rodata.short_d37
                0x000000000003efce       0x14 /var/folders/sk/pxzc9l1n12xfhw7mpgdgdkdc0000gn/T//tqf40.elf.kOuEog.ltrans0.ltrans.o
 .rodata.long_d37
                0x000000000003efe2       0x2f /var/folders/sk/pxzc9l1n12xfhw7mpgdgdkdc0000gn/T//tqf40.elf.kOuEog.ltrans0.ltrans.o
 .rodata.short_d36
                0x000000000003f011        0x9 /var/folders/sk/pxzc9l1n12xfhw7mpgdgdkdc0000gn/T//tqf40.elf.kOuEog.ltrans0.ltrans.o
 .rodata.long_d36
                0x000000000003f01a       0x3b /var/folders/sk/pxzc9l1n12xfhw7mpgdgdkdc0000gn/T//tqf40.elf.kOuEog.ltrans0.ltrans.o
 .rodata.short_d35
                0x000000000003f055        0xa /var/folders/sk/pxzc9l1n12xfhw7mpgdgdkdc0000gn/T//tqf40.elf.kOuEog.ltrans0.ltrans.o
 .rodata.long_d35
                0x000000000003f05f       0x25 /var/folders/sk/pxzc9l1n12xfhw7mpgdgdkdc0000gn/T//tqf40.elf.kOuEog.ltrans0.ltrans.o
 .rodata.short_d34
                0x000000000003f084        0x7 /var/folders/sk/pxzc9l1n12xfhw7mpgdgdkdc0000gn/T//tqf40.elf.kOuEog.ltrans0.ltrans.o
 .rodata.long_d34
                0x000000000003f08b       0x99 /var/folders/sk/pxzc9l1n12xfhw7mpgdgdkdc0000gn/T//tqf40.elf.kOuEog.ltrans0.ltrans.o
 .rodata.short_d33
                0x000000000003f124       0x10 /var/folders/sk/pxzc9l1n12xfhw7mpgdgdkdc0000gn/T//tqf40.elf.kOuEog.ltrans0.ltrans.o
 .rodata.long_d33
                0x000000000003f134       0x40 /var/folders/sk/pxzc9l1n12xfhw7mpgdgdkdc0000gn/T//tqf40.elf.kOuEog.ltrans0.ltrans.o
 .rodata.short_d32
                0x000000000003f174        0xb /var/folders/sk/pxzc9l1n12xfhw7mpgdgdkdc0000gn/T//tqf40.elf.kOuEog.ltrans0.ltrans.o
 .rodata.long_d32
                0x000000000003f17f       0x30 /var/folders/sk/pxzc9l1n12xfhw7mpgdgdkdc0000gn/T//tqf40.elf.kOuEog.ltrans0.ltrans.o
 .rodata.short_d31
                0x000000000003f1af        0xa /var/folders/sk/pxzc9l1n12xfhw7mpgdgdkdc0000gn/T//tqf40.elf.kOuEog.ltrans0.ltrans.o
 .rodata.long_d31
                0x000000000003f1b9       0x48 /var/folders/sk/pxzc9l1n12xfhw7mpgdgdkdc0000gn/T//tqf40.elf.kOuEog.ltrans0.ltrans.o
 .rodata.short_d30
                0x000000000003f201        0xa /var/folders/sk/pxzc9l1n12xfhw7mpgdgdkdc0000gn/T//tqf40.elf.kOuEog.ltrans0.ltrans.o
 .rodata.long_d30
                0x000000000003f20b       0x37 /var/folders/sk/pxzc9l1n12xfhw7mpgdgdkdc0000gn/T//tqf40.elf.kOuEog.ltrans0.ltrans.o
 .rodata.short_d22
                0x000000000003f242        0xc /var/folders/sk/pxzc9l1n12xfhw7mpgdgdkdc0000gn/T//tqf40.elf.kOuEog.ltrans0.ltrans.o
 .rodata.long_d22
                0x000000000003f24e       0x77 /var/folders/sk/pxzc9l1n12xfhw7mpgdgdkdc0000gn/T//tqf40.elf.kOuEog.ltrans0.ltrans.o
 .rodata.short_d21
                0x000000000003f2c5        0x6 /var/folders/sk/pxzc9l1n12xfhw7mpgdgdkdc0000gn/T//tqf40.elf.kOuEog.ltrans0.ltrans.o
 .rodata.long_d21
                0x000000000003f2cb       0x2f /var/folders/sk/pxzc9l1n12xfhw7mpgdgdkdc0000gn/T//tqf40.elf.kOuEog.ltrans0.ltrans.o
 .rodata.short_d20
                0x000000000003f2fa        0x6 /var/folders/sk/pxzc9l1n12xfhw7mpgdgdkdc0000gn/T//tqf40.elf.kOuEog.ltrans0.ltrans.o
 .rodata.long_d20
                0x000000000003f300       0x3b /var/folders/sk/pxzc9l1n12xfhw7mpgdgdkdc0000gn/T//tqf40.elf.kOuEog.ltrans0.ltrans.o
 .rodata.short_d19
                0x000000000003f33b        0x6 /var/folders/sk/pxzc9l1n12xfhw7mpgdgdkdc0000gn/T//tqf40.elf.kOuEog.ltrans0.ltrans.o
 .rodata.long_d19
                0x000000000003f341       0x4f /var/folders/sk/pxzc9l1n12xfhw7mpgdgdkdc0000gn/T//tqf40.elf.kOuEog.ltrans0.ltrans.o
 .rodata.short_d18
                0x000000000003f390       0x11 /var/folders/sk/pxzc9l1n12xfhw7mpgdgdkdc0000gn/T//tqf40.elf.kOuEog.ltrans0.ltrans.o
 .rodata.long_d18
                0x000000000003f3a1       0x4b /var/folders/sk/pxzc9l1n12xfhw7mpgdgdkdc0000gn/T//tqf40.elf.kOuEog.ltrans0.ltrans.o
 .rodata.short_d17
                0x000000000003f3ec        0x5 /var/folders/sk/pxzc9l1n12xfhw7mpgdgdkdc0000gn/T//tqf40.elf.kOuEog.ltrans0.ltrans.o
 .rodata.long_d17
                0x000000000003f3f1       0x2c /var/folders/sk/pxzc9l1n12xfhw7mpgdgdkdc0000gn/T//tqf40.elf.kOuEog.ltrans0.ltrans.o
 .rodata.short_d16
                0x000000000003f41d        0x7 /var/folders/sk/pxzc9l1n12xfhw7mpgdgdkdc0000gn/T//tqf40.elf.kOuEog.ltrans0.ltrans.o
 .rodata.long_d16
                0x000000000003f424       0x96 /var/folders/sk/pxzc9l1n12xfhw7mpgdgdkdc0000gn/T//tqf40.elf.kOuEog.ltrans0.ltrans.o
 .rodata.short_d14
                0x000000000003f4ba        0x5 /var/folders/sk/pxzc9l1n12xfhw7mpgdgdkdc0000gn/T//tqf40.elf.kOuEog.ltrans0.ltrans.o
 .rodata.long_d14
                0x000000000003f4bf       0x10 /var/folders/sk/pxzc9l1n12xfhw7mpgdgdkdc0000gn/T//tqf40.elf.kOuEog.ltrans0.ltrans.o
 .rodata.short_d13
                0x000000000003f4cf        0xc /var/folders/sk/pxzc9l1n12xfhw7mpgdgdkdc0000gn/T//tqf40.elf.kOuEog.ltrans0.ltrans.o
 .rodata.long_d13
                0x000000000003f4db       0x4b /var/folders/sk/pxzc9l1n12xfhw7mpgdgdkdc0000gn/T//tqf40.elf.kOuEog.ltrans0.ltrans.o
 .rodata.short_d12
                0x000000000003f526        0x9 /var/folders/sk/pxzc9l1n12xfhw7mpgdgdkdc0000gn/T//tqf40.elf.kOuEog.ltrans0.ltrans.o
 .rodata.long_d12
                0x000000000003f52f       0x87 /var/folders/sk/pxzc9l1n12xfhw7mpgdgdkdc0000gn/T//tqf40.elf.kOuEog.ltrans0.ltrans.o
 .rodata.short_d11
                0x000000000003f5b6        0x6 /var/folders/sk/pxzc9l1n12xfhw7mpgdgdkdc0000gn/T//tqf40.elf.kOuEog.ltrans0.ltrans.o
 .rodata.long_d11
                0x000000000003f5bc       0x35 /var/folders/sk/pxzc9l1n12xfhw7mpgdgdkdc0000gn/T//tqf40.elf.kOuEog.ltrans0.ltrans.o
 .rodata.short_d10
                0x000000000003f5f1        0xa /var/folders/sk/pxzc9l1n12xfhw7mpgdgdkdc0000gn/T//tqf40.elf.kOuEog.ltrans0.ltrans.o
 .rodata.long_d10
                0x000000000003f5fb       0xf4 /var/folders/sk/pxzc9l1n12xfhw7mpgdgdkdc0000gn/T//tqf40.elf.kOuEog.ltrans0.ltrans.o
 .rodata.short_d9
                0x000000000003f6ef        0xb /var/folders/sk/pxzc9l1n12xfhw7mpgdgdkdc0000gn/T//tqf40.elf.kOuEog.ltrans0.ltrans.o
 .rodata.long_d9
                0x000000000003f6fa       0x35 /var/folders/sk/pxzc9l1n12xfhw7mpgdgdkdc0000gn/T//tqf40.elf.kOuEog.ltrans0.ltrans.o
 .rodata.short_d8
                0x000000000003f72f        0xa /var/folders/sk/pxzc9l1n12xfhw7mpgdgdkdc0000gn/T//tqf40.elf.kOuEog.ltrans0.ltrans.o
 .rodata.long_d8
                0x000000000003f739       0x94 /var/folders/sk/pxzc9l1n12xfhw7mpgdgdkdc0000gn/T//tqf40.elf.kOuEog.ltrans0.ltrans.o
 .rodata.short_d7
                0x000000000003f7cd        0x9 /var/folders/sk/pxzc9l1n12xfhw7mpgdgdkdc0000gn/T//tqf40.elf.kOuEog.ltrans0.ltrans.o
 .rodata.long_d7
                0x000000000003f7d6       0x76 /var/folders/sk/pxzc9l1n12xfhw7mpgdgdkdc0000gn/T//tqf40.elf.kOuEog.ltrans0.ltrans.o
 .rodata.short_d6
                0x000000000003f84c        0x9 /var/folders/sk/pxzc9l1n12xfhw7mpgdgdkdc0000gn/T//tqf40.elf.kOuEog.ltrans0.ltrans.o
 .rodata.long_d6
                0x000000000003f855       0x2a /var/folders/sk/pxzc9l1n12xfhw7mpgdgdkdc0000gn/T//tqf40.elf.kOuEog.ltrans0.ltrans.o
 .rodata.short_d5
                0x000000000003f87f        0x7 /var/folders/sk/pxzc9l1n12xfhw7mpgdgdkdc0000gn/T//tqf40.elf.kOuEog.ltrans0.ltrans.o
 .rodata.long_d5
                0x000000000003f886       0x51 /var/folders/sk/pxzc9l1n12xfhw7mpgdgdkdc0000gn/T//tqf40.elf.kOuEog.ltrans0.ltrans.o
 .rodata.short_d4
                0x000000000003f8d7        0xd /var/folders/sk/pxzc9l1n12xfhw7mpgdgdkdc0000gn/T//tqf40.elf.kOuEog.ltrans0.ltrans.o
 .rodata.long_d4
                0x000000000003f8e4       0xd4 /var/folders/sk/pxzc9l1n12xfhw7mpgdgdkdc0000gn/T//tqf40.elf.kOuEog.ltrans0.ltrans.o
 .rodata.short_d3
                0x000000000003f9b8        0x7 /var/folders/sk/pxzc9l1n12xfhw7mpgdgdkdc0000gn/T//tqf40.elf.kOuEog.ltrans0.ltrans.o
 .rodata.long_d3
                0x000000000003f9bf       0x98 /var/folders/sk/pxzc9l1n12xfhw7mpgdgdkdc0000gn/T//tqf40.elf.kOuEog.ltrans0.ltrans.o
 .rodata.short_d2
                0x000000000003fa57        0x7 /var/folders/sk/pxzc9l1n12xfhw7mpgdgdkdc0000gn/T//tqf40.elf.kOuEog.ltrans0.ltrans.o
 .rodata.long_d2
                0x000000000003fa5e       0x8f /var/folders/sk/pxzc9l1n12xfhw7mpgdgdkdc0000gn/T//tqf40.elf.kOuEog.ltrans0.ltrans.o
 .rodata.short_d1
                0x000000000003faed        0xa /var/folders/sk/pxzc9l1n12xfhw7mpgdgdkdc0000gn/T//tqf40.elf.kOuEog.ltrans0.ltrans.o
 .rodata.long_d1
                0x000000000003faf7       0xff /var/folders/sk/pxzc9l1n12xfhw7mpgdgdkdc0000gn/T//tqf40.elf.kOuEog.ltrans0.ltrans.o
 .rodata.header
                0x000000000003fbf6       0x33 /var/folders/sk/pxzc9l1n12xfhw7mpgdgdkdc0000gn/T//tqf40.elf.kOuEog.ltrans0.ltrans.o
 *fill*         0x000000000003fc29        0x1 
 .rodata.dictionary
                0x000000000003fc2a      0xf32 /var/folders/sk/pxzc9l1n12xfhw7mpgdgdkdc0000gn/T//tqf40.elf.kOuEog.ltrans0.ltrans.o
 .rodata.message692
                0x0000000000040b5c       0x14 /var/folders/sk/pxzc9l1n12xfhw7mpgdgdkdc0000gn/T//tqf40.elf.kOuEog.ltrans0.ltrans.o
 .rodata.message691
                0x0000000000040b70       0x14 /var/folders/sk/pxzc9l1n12xfhw7mpgdgdkdc0000gn/T//tqf40.elf.kOuEog.ltrans0.ltrans.o
 .rodata.message689
                0x0000000000040b84       0x13 /var/folders/sk/pxzc9l1n12xfhw7mpgdgdkdc0000gn/T//tqf40.elf.kOuEog.ltrans0.ltrans.o
 .rodata.message693
                0x0000000000040b97        0xb /var/folders/sk/pxzc9l1n12xfhw7mpgdgdkdc0000gn/T//tqf40.elf.kOuEog.ltrans0.ltrans.o
 .rodata.message690
                0x0000000000040ba2       0x22 /var/folders/sk/pxzc9l1n12xfhw7mpgdgdkdc0000gn/T//tqf40.elf.kOuEog.ltrans0.ltrans.o
 .rodata.message705
                0x0000000000040bc4       0x34 /var/folders/sk/pxzc9l1n12xfhw7mpgdgdkdc0000gn/T//tqf40.elf.kOuEog.ltrans0.ltrans.o
 .rodata.exitrestart
                0x0000000000040bf8       0x1e /var/folders/sk/pxzc9l1n12xfhw7mpgdgdkdc0000gn/T//tqf40.elf.kOuEog.ltrans0.ltrans.o
 .rodata.message685
                0x0000000000040c16      0x22c /var/folders/sk/pxzc9l1n12xfhw7mpgdgdkdc0000gn/T//tqf40.elf.kOuEog.ltrans0.ltrans.o
 .rodata.message684
                0x0000000000040e42      0x109 /var/folders/sk/pxzc9l1n12xfhw7mpgdgdkdc0000gn/T//tqf40.elf.kOuEog.ltrans0.ltrans.o
 .rodata.message683
                0x0000000000040f4b       0x16 /var/folders/sk/pxzc9l1n12xfhw7mpgdgdkdc0000gn/T//tqf40.elf.kOuEog.ltrans0.ltrans.o
 .rodata.message688
                0x0000000000040f61       0x12 /var/folders/sk/pxzc9l1n12xfhw7mpgdgdkdc0000gn/T//tqf40.elf.kOuEog.ltrans0.ltrans.o
 .rodata.message687
                0x0000000000040f73       0x39 /var/folders/sk/pxzc9l1n12xfhw7mpgdgdkdc0000gn/T//tqf40.elf.kOuEog.ltrans0.ltrans.o
 .rodata.message686
                0x0000000000040fac       0x1d /var/folders/sk/pxzc9l1n12xfhw7mpgdgdkdc0000gn/T//tqf40.elf.kOuEog.ltrans0.ltrans.o
 .rodata.message673